Archive member included to satisfy reference by file (symbol)

/home/chue/SJSU/SJSU-DEV2/tools/gcc-arm-none-eabi-7-2017-q4-major/bin/../lib/gcc/arm-none-eabi/7.2.1/thumb/v7e-m/fpv4-sp/hard/libgcc.a(unwind-arm.o)
                              build/compiled//home/chue/SJSU/SJSU-DEV2/firmware/library/L0_LowLevel/delay.o (__aeabi_unwind_cpp_pr0)
/home/chue/SJSU/SJSU-DEV2/tools/gcc-arm-none-eabi-7-2017-q4-major/bin/../lib/gcc/arm-none-eabi/7.2.1/thumb/v7e-m/fpv4-sp/hard/libgcc.a(libunwind.o)
                              /home/chue/SJSU/SJSU-DEV2/tools/gcc-arm-none-eabi-7-2017-q4-major/bin/../lib/gcc/arm-none-eabi/7.2.1/thumb/v7e-m/fpv4-sp/hard/libgcc.a(unwind-arm.o) (restore_core_regs)
/home/chue/SJSU/SJSU-DEV2/tools/gcc-arm-none-eabi-7-2017-q4-major/bin/../lib/gcc/arm-none-eabi/7.2.1/thumb/v7e-m/fpv4-sp/hard/libgcc.a(pr-support.o)
                              /home/chue/SJSU/SJSU-DEV2/tools/gcc-arm-none-eabi-7-2017-q4-major/bin/../lib/gcc/arm-none-eabi/7.2.1/thumb/v7e-m/fpv4-sp/hard/libgcc.a(unwind-arm.o) (__gnu_unwind_execute)
/home/chue/SJSU/SJSU-DEV2/tools/gcc-arm-none-eabi-7-2017-q4-major/bin/../lib/gcc/arm-none-eabi/7.2.1/../../../../arm-none-eabi/lib/thumb/v7e-m/fpv4-sp/hard/libg_nano.a(lib_a-abort.o)
                              /home/chue/SJSU/SJSU-DEV2/tools/gcc-arm-none-eabi-7-2017-q4-major/bin/../lib/gcc/arm-none-eabi/7.2.1/thumb/v7e-m/fpv4-sp/hard/libgcc.a(unwind-arm.o) (abort)
/home/chue/SJSU/SJSU-DEV2/tools/gcc-arm-none-eabi-7-2017-q4-major/bin/../lib/gcc/arm-none-eabi/7.2.1/../../../../arm-none-eabi/lib/thumb/v7e-m/fpv4-sp/hard/libg_nano.a(lib_a-exit.o)
                              /home/chue/SJSU/SJSU-DEV2/tools/gcc-arm-none-eabi-7-2017-q4-major/bin/../lib/gcc/arm-none-eabi/7.2.1/../../../../arm-none-eabi/lib/thumb/v7e-m/fpv4-sp/hard/crt0.o (exit)
/home/chue/SJSU/SJSU-DEV2/tools/gcc-arm-none-eabi-7-2017-q4-major/bin/../lib/gcc/arm-none-eabi/7.2.1/../../../../arm-none-eabi/lib/thumb/v7e-m/fpv4-sp/hard/libg_nano.a(lib_a-impure.o)
                              /home/chue/SJSU/SJSU-DEV2/tools/gcc-arm-none-eabi-7-2017-q4-major/bin/../lib/gcc/arm-none-eabi/7.2.1/../../../../arm-none-eabi/lib/thumb/v7e-m/fpv4-sp/hard/libg_nano.a(lib_a-exit.o) (_global_impure_ptr)
/home/chue/SJSU/SJSU-DEV2/tools/gcc-arm-none-eabi-7-2017-q4-major/bin/../lib/gcc/arm-none-eabi/7.2.1/../../../../arm-none-eabi/lib/thumb/v7e-m/fpv4-sp/hard/libg_nano.a(lib_a-init.o)
                              /home/chue/SJSU/SJSU-DEV2/tools/gcc-arm-none-eabi-7-2017-q4-major/bin/../lib/gcc/arm-none-eabi/7.2.1/../../../../arm-none-eabi/lib/thumb/v7e-m/fpv4-sp/hard/crt0.o (__libc_init_array)
/home/chue/SJSU/SJSU-DEV2/tools/gcc-arm-none-eabi-7-2017-q4-major/bin/../lib/gcc/arm-none-eabi/7.2.1/../../../../arm-none-eabi/lib/thumb/v7e-m/fpv4-sp/hard/libg_nano.a(lib_a-malloc.o)
                              build/compiled//home/chue/SJSU/SJSU-DEV2/firmware/library/third_party/FreeRTOS/Source/portable/MemMang/heap_3.o (malloc)
/home/chue/SJSU/SJSU-DEV2/tools/gcc-arm-none-eabi-7-2017-q4-major/bin/../lib/gcc/arm-none-eabi/7.2.1/../../../../arm-none-eabi/lib/thumb/v7e-m/fpv4-sp/hard/libg_nano.a(lib_a-memcpy-stub.o)
                              build/compiled//home/chue/SJSU/SJSU-DEV2/firmware/library/L0_LowLevel/startup.o (memcpy)
/home/chue/SJSU/SJSU-DEV2/tools/gcc-arm-none-eabi-7-2017-q4-major/bin/../lib/gcc/arm-none-eabi/7.2.1/../../../../arm-none-eabi/lib/thumb/v7e-m/fpv4-sp/hard/libg_nano.a(lib_a-memset.o)
                              /home/chue/SJSU/SJSU-DEV2/tools/gcc-arm-none-eabi-7-2017-q4-major/bin/../lib/gcc/arm-none-eabi/7.2.1/../../../../arm-none-eabi/lib/thumb/v7e-m/fpv4-sp/hard/crt0.o (memset)
/home/chue/SJSU/SJSU-DEV2/tools/gcc-arm-none-eabi-7-2017-q4-major/bin/../lib/gcc/arm-none-eabi/7.2.1/../../../../arm-none-eabi/lib/thumb/v7e-m/fpv4-sp/hard/libg_nano.a(lib_a-nano-freer.o)
                              /home/chue/SJSU/SJSU-DEV2/tools/gcc-arm-none-eabi-7-2017-q4-major/bin/../lib/gcc/arm-none-eabi/7.2.1/../../../../arm-none-eabi/lib/thumb/v7e-m/fpv4-sp/hard/libg_nano.a(lib_a-malloc.o) (_free_r)
/home/chue/SJSU/SJSU-DEV2/tools/gcc-arm-none-eabi-7-2017-q4-major/bin/../lib/gcc/arm-none-eabi/7.2.1/../../../../arm-none-eabi/lib/thumb/v7e-m/fpv4-sp/hard/libg_nano.a(lib_a-nano-mallocr.o)
                              /home/chue/SJSU/SJSU-DEV2/tools/gcc-arm-none-eabi-7-2017-q4-major/bin/../lib/gcc/arm-none-eabi/7.2.1/../../../../arm-none-eabi/lib/thumb/v7e-m/fpv4-sp/hard/libg_nano.a(lib_a-malloc.o) (_malloc_r)
/home/chue/SJSU/SJSU-DEV2/tools/gcc-arm-none-eabi-7-2017-q4-major/bin/../lib/gcc/arm-none-eabi/7.2.1/../../../../arm-none-eabi/lib/thumb/v7e-m/fpv4-sp/hard/libg_nano.a(lib_a-nano-vfscanf.o)
                              build/compiled//home/chue/SJSU/SJSU-DEV2/firmware/library/newlib/scanf.o (vfscanf)
/home/chue/SJSU/SJSU-DEV2/tools/gcc-arm-none-eabi-7-2017-q4-major/bin/../lib/gcc/arm-none-eabi/7.2.1/../../../../arm-none-eabi/lib/thumb/v7e-m/fpv4-sp/hard/libg_nano.a(lib_a-nano-vfscanf_i.o)
[...]
Memory Configuration

Name             Origin             Length             Attributes
MFlash512        0x0000000000000000 0x0000000000080000 xr
RamLoc64         0x0000000010000000 0x0000000000010000 xrw
RamPeriph32      0x0000000020000000 0x0000000000008000 xrw
*default*        0x0000000000000000 0xffffffffffffffff

Linker script and memory map

LOAD /home/chue/SJSU/SJSU-DEV2/tools/gcc-arm-none-eabi-7-2017-q4-major/bin/../lib/gcc/arm-none-eabi/7.2.1/thumb/v7e-m/fpv4-sp/hard/crti.o
LOAD /home/chue/SJSU/SJSU-DEV2/tools/gcc-arm-none-eabi-7-2017-q4-major/bin/../lib/gcc/arm-none-eabi/7.2.1/thumb/v7e-m/fpv4-sp/hard/crtbegin.o
LOAD /home/chue/SJSU/SJSU-DEV2/tools/gcc-arm-none-eabi-7-2017-q4-major/bin/../lib/gcc/arm-none-eabi/7.2.1/../../../../arm-none-eabi/lib/thumb/v7e-m/fpv4-sp/hard/crt0.o
LOAD build/compiled//home/chue/SJSU/SJSU-DEV2/firmware/library/L0_LowLevel/delay.o
LOAD build/compiled//home/chue/SJSU/SJSU-DEV2/firmware/library/L0_LowLevel/interrupt.o
LOAD build/compiled//home/chue/SJSU/SJSU-DEV2/firmware/library/L0_LowLevel/startup.o
LOAD build/compiled//home/chue/SJSU/SJSU-DEV2/firmware/library/L0_LowLevel/uart0.o
LOAD build/compiled//home/chue/SJSU/SJSU-DEV2/firmware/library/L1_Drivers/example_driver.o
LOAD build/compiled//home/chue/SJSU/SJSU-DEV2/firmware/library/L1_Drivers/gpio.o
LOAD build/compiled//home/chue/SJSU/SJSU-DEV2/firmware/library/L1_Drivers/i2c.o
LOAD build/compiled//home/chue/SJSU/SJSU-DEV2/firmware/library/L1_Drivers/pin_configure.o
LOAD build/compiled//home/chue/SJSU/SJSU-DEV2/firmware/library/L1_Drivers/system_timer.o
LOAD build/compiled//home/chue/SJSU/SJSU-DEV2/firmware/library/L2_Utilities/backtrace.o
LOAD build/compiled//home/chue/SJSU/SJSU-DEV2/firmware/library/newlib/newlib.o
LOAD build/compiled//home/chue/SJSU/SJSU-DEV2/firmware/library/newlib/printf.o
LOAD build/compiled//home/chue/SJSU/SJSU-DEV2/firmware/library/newlib/scanf.o
LOAD build/compiled//home/chue/SJSU/SJSU-DEV2/firmware/library/third_party/FreeRTOS/Source/croutine.o
LOAD build/compiled//home/chue/SJSU/SJSU-DEV2/firmware/library/third_party/FreeRTOS/Source/event_groups.o
LOAD build/compiled//home/chue/SJSU/SJSU-DEV2/firmware/library/third_party/FreeRTOS/Source/list.o
LOAD build/compiled//home/chue/SJSU/SJSU-DEV2/firmware/library/third_party/FreeRTOS/Source/portable/GCC/ARM_CM4F/port.o
LOAD build/compiled//home/chue/SJSU/SJSU-DEV2/firmware/library/third_party/FreeRTOS/Source/portable/MemMang/heap_3.o
LOAD build/compiled//home/chue/SJSU/SJSU-DEV2/firmware/library/third_party/FreeRTOS/Source/queue.o
LOAD build/compiled//home/chue/SJSU/SJSU-DEV2/firmware/library/third_party/FreeRTOS/Source/stream_buffer.o
LOAD build/compiled//home/chue/SJSU/SJSU-DEV2/firmware/library/third_party/FreeRTOS/Source/tasks.o
LOAD build/compiled//home/chue/SJSU/SJSU-DEV2/firmware/library/third_party/FreeRTOS/Source/timers.o
LOAD /home/chue/SJSU/SJSU-DEV2/tools/gcc-arm-none-eabi-7-2017-q4-major/bin/../lib/gcc/arm-none-eabi/7.2.1/../../../../arm-none-eabi/lib/thumb/v7e-m/fpv4-sp/hard/libstdc++_nano.a
LOAD /home/chue/SJSU/SJSU-DEV2/tools/gcc-arm-none-eabi-7-2017-q4-major/bin/../lib/gcc/arm-none-eabi/7.2.1/../../../../arm-none-eabi/lib/thumb/v7e-m/fpv4-sp/hard/libm.a
START GROUP
LOAD /home/chue/SJSU/SJSU-DEV2/tools/gcc-arm-none-eabi-7-2017-q4-major/bin/../lib/gcc/arm-none-eabi/7.2.1/thumb/v7e-m/fpv4-sp/hard/libgcc.a
LOAD /home/chue/SJSU/SJSU-DEV2/tools/gcc-arm-none-eabi-7-2017-q4-major/bin/../lib/gcc/arm-none-eabi/7.2.1/../../../../arm-none-eabi/lib/thumb/v7e-m/fpv4-sp/hard/libg_nano.a
LOAD /home/chue/SJSU/SJSU-DEV2/tools/gcc-arm-none-eabi-7-2017-q4-major/bin/../lib/gcc/arm-none-eabi/7.2.1/../../../../arm-none-eabi/lib/thumb/v7e-m/fpv4-sp/hard/libc_nano.a
END GROUP
START GROUP
LOAD /home/chue/SJSU/SJSU-DEV2/tools/gcc-arm-none-eabi-7-2017-q4-major/bin/../lib/gcc/arm-none-eabi/7.2.1/thumb/v7e-m/fpv4-sp/hard/libgcc.a
LOAD /home/chue/SJSU/SJSU-DEV2/tools/gcc-arm-none-eabi-7-2017-q4-major/bin/../lib/gcc/arm-none-eabi/7.2.1/../../../../arm-none-eabi/lib/thumb/v7e-m/fpv4-sp/hard/libc_nano.a
END GROUP
LOAD /home/chue/SJSU/SJSU-DEV2/tools/gcc-arm-none-eabi-7-2017-q4-major/bin/../lib/gcc/arm-none-eabi/7.2.1/thumb/v7e-m/fpv4-sp/hard/crtend.o
LOAD /home/chue/SJSU/SJSU-DEV2/tools/gcc-arm-none-eabi-7-2017-q4-major/bin/../lib/gcc/arm-none-eabi/7.2.1/thumb/v7e-m/fpv4-sp/hard/crtn.o
                0x0000000000000000                __base_MFlash512 = 0x0
                0x0000000000000000                __base_Flash = 0x0
                0x0000000000080000                __top_MFlash512 = 0x80000
                0x0000000000080000                __top_Flash = 0x80000
                0x0000000010000000                __base_RamLoc64 = 0x10000000
                0x0000000010000000                __base_RAM = 0x10000000
                0x0000000010010000                __top_RamLoc64 = 0x10010000
                0x0000000010010000                __top_RAM = 0x10010000
                0x0000000020000000                __base_RamPeriph32 = 0x20000000
                0x0000000020000000                __base_RAM2 = 0x20000000
                0x0000000020008000                __top_RamPeriph32 = 0x20008000
                0x0000000020008000                __top_RAM2 = 0x20008000

.text           0x0000000000000000     0x32e4
 FILL mask 0xff
                0x0000000000000000                __vectors_start__ = ABSOLUTE (.)
 *(.isr_vector)
 .isr_vector    0x0000000000000000       0xe4 build/compiled//home/chue/SJSU/SJSU-DEV2/firmware/library/L0_LowLevel/startup.o
                0x00000000000000e4                . = ALIGN (0x4)
                0x00000000000000e4                section_table_start = .
                0x00000000000000e4                data_section_table = .
                0x00000000000000e4        0x4 LONG 0x36a4 LOADADDR (.data)
                0x00000000000000e8        0x4 LONG 0x10000000 ADDR (.data)
                0x00000000000000ec        0x4 LONG 0x118 SIZEOF (.data)
                0x00000000000000f0        0x4 LONG 0x36a4 LOADADDR (.data_RAM2)
                0x00000000000000f4        0x4 LONG 0x20000000 ADDR (.data_RAM2)
                0x00000000000000f8        0x4 LONG 0x0 SIZEOF (.data_RAM2)
                0x00000000000000fc                data_section_table_end = .
                0x00000000000000fc                bss_section_table = .
                0x00000000000000fc        0x4 LONG 0x10000118 ADDR (.bss)
                0x0000000000000100        0x4 LONG 0xc8 SIZEOF (.bss)
                0x0000000000000104        0x4 LONG 0x20000000 ADDR (.bss_RAM2)
                0x0000000000000108        0x4 LONG 0x0 SIZEOF (.bss_RAM2)
                0x000000000000010c                bss_section_table_end = .
                0x000000000000010c                section_table_end = .
 *(.after_vectors*)
 .after_vectors
                0x000000000000010c      0x1ac build/compiled//home/chue/SJSU/SJSU-DEV2/firmware/library/L0_LowLevel/startup.o
                0x000000000000010c                InitDataSection()
                0x0000000000000188                InitBssSection()
                0x00000000000001dc                InitFpu()
                0x00000000000001fe                NmiHandler
                0x0000000000000206                HardFaultHandler
                0x000000000000022e                MemManageHandler
                0x0000000000000236                BusFaultHandler
                0x000000000000023e                UsageFaultHandler
                0x0000000000000246                SvcHandler
                0x000000000000024e                DebugMonHandler
                0x0000000000000256                PendSVHandler
                0x000000000000025e                SysTickHandler
                0x00000000000002fc                . = 0x2fc
 *fill*         0x00000000000002b8       0x44 ff
                0x00000000000002fc                PROVIDE (__CRP_WORD_START__, .)
 *(.crp)
 .crp           0x00000000000002fc        0x4 build/compiled//home/chue/SJSU/SJSU-DEV2/firmware/library/L0_LowLevel/startup.o
                0x0000000000000300                PROVIDE (__CRP_WORD_END__, .)
                0x0000000000000001                ASSERT (! ((__CRP_WORD_START__ == __CRP_WORD_END__)), Linker CRP Enabled, but no CRP_WORD provided within application)
                0x0000000000000300                . = ALIGN (0x4)
 *(.init)
 .init          0x0000000000000300        0x4 /home/chue/SJSU/SJSU-DEV2/tools/gcc-arm-none-eabi-7-2017-q4-major/bin/../lib/gcc/arm-none-eabi/7.2.1/thumb/v7e-m/fpv4-sp/hard/crti.o
                0x0000000000000300                _init
 .init          0x0000000000000304        0x8 /home/chue/SJSU/SJSU-DEV2/tools/gcc-arm-none-eabi-7-2017-q4-major/bin/../lib/gcc/arm-none-eabi/7.2.1/thumb/v7e-m/fpv4-sp/hard/crtn.o
                0x000000000000030c                . = ALIGN (0x4)
                0x000000000000030c                __preinit_array_start = .
 *(.preinit_array)
                0x000000000000030c                __preinit_array_end = .
                0x000000000000030c                . = ALIGN (0x4)
                0x000000000000030c                __init_array_start = .
 *(SORT_BY_NAME(.init_array.*))
 *(.init_array)
 .init_array    0x000000000000030c        0x4 /home/chue/SJSU/SJSU-DEV2/tools/gcc-arm-none-eabi-7-2017-q4-major/bin/../lib/gcc/arm-none-eabi/7.2.1/thumb/v7e-m/fpv4-sp/hard/crtbegin.o
                0x0000000000000310                __init_array_end = .
 *(.fini)
 .fini          0x0000000000000310        0x4 /home/chue/SJSU/SJSU-DEV2/tools/gcc-arm-none-eabi-7-2017-q4-major/bin/../lib/gcc/arm-none-eabi/7.2.1/thumb/v7e-m/fpv4-sp/hard/crti.o
                0x0000000000000310                _fini
 .fini          0x0000000000000314        0x8 /home/chue/SJSU/SJSU-DEV2/tools/gcc-arm-none-eabi-7-2017-q4-major/bin/../lib/gcc/arm-none-eabi/7.2.1/thumb/v7e-m/fpv4-sp/hard/crtn.o
                0x000000000000031c                . = ALIGN (0x4)
 *crtbegin.o(.ctors)
 *(EXCLUDE_FILE(*crtend.o) .ctors)
 *(SORT_BY_NAME(.ctors.*))
 *crtend.o(.ctors)
                0x000000000000031c                . = ALIGN (0x4)
 *crtbegin.o(.dtors)
 *(EXCLUDE_FILE(*crtend.o) .dtors)
 *(SORT_BY_NAME(.dtors.*))
 *crtend.o(.dtors)
 *(.text*)
 .text          0x000000000000031c       0x40 /home/chue/SJSU/SJSU-DEV2/tools/gcc-arm-none-eabi-7-2017-q4-major/bin/../lib/gcc/arm-none-eabi/7.2.1/thumb/v7e-m/fpv4-sp/hard/crtbegin.o
 .text._ZN11SystemTimer14SetIsrFunctionEPFvvE
                0x000000000000035c       0x20 build/compiled//home/chue/SJSU/SJSU-DEV2/firmware/library/L0_LowLevel/startup.o
                0x000000000000035c                SystemTimer::SetIsrFunction(void (*)())
 .text._ZN11SystemTimer10StartTimerEv
                0x000000000000037c       0x70 build/compiled//home/chue/SJSU/SJSU-DEV2/firmware/library/L0_LowLevel/startup.o
                0x000000000000037c                SystemTimer::StartTimer()
 .text._ZN11SystemTimer12DisableTimerEv
                0x00000000000003ec       0x38 build/compiled//home/chue/SJSU/SJSU-DEV2/firmware/library/L0_LowLevel/startup.o
                0x00000000000003ec                SystemTimer::DisableTimer()
 .text._ZN11SystemTimer16SetTickFrequencyEm
                0x0000000000000424       0x68 build/compiled//home/chue/SJSU/SJSU-DEV2/firmware/library/L0_LowLevel/startup.o
                0x0000000000000424                SystemTimer::SetTickFrequency(unsigned long)
 .text._Z28InitializeFreeRTOSSystemTickv
                0x000000000000048c       0x2c build/compiled//home/chue/SJSU/SJSU-DEV2/firmware/library/L0_LowLevel/startup.o
                0x000000000000048c                InitializeFreeRTOSSystemTick()
 .text._Z19SetupTimerInterruptv
                0x00000000000004b8       0x80 build/compiled//home/chue/SJSU/SJSU-DEV2/firmware/library/L0_LowLevel/startup.o
                0x00000000000004b8                SetupTimerInterrupt()
 .text._Z12LowLevelInitv
                0x0000000000000538       0x18 build/compiled//home/chue/SJSU/SJSU-DEV2/firmware/library/L0_LowLevel/startup.o
                0x0000000000000538                LowLevelInit()
 .text.SystemInit
                0x0000000000000550       0x24 build/compiled//home/chue/SJSU/SJSU-DEV2/firmware/library/L0_LowLevel/startup.o
                0x0000000000000550                SystemInit
 .text.ResetIsr
                0x0000000000000574       0x14 build/compiled//home/chue/SJSU/SJSU-DEV2/firmware/library/L0_LowLevel/startup.o
                0x0000000000000574                ResetIsr
 .text.GetRegistersFromStack
                0x0000000000000588       0x80 build/compiled//home/chue/SJSU/SJSU-DEV2/firmware/library/L0_LowLevel/startup.o
                0x0000000000000588                GetRegistersFromStack
 .text.IntDefaultHandler
                0x0000000000000608       0x78 build/compiled//home/chue/SJSU/SJSU-DEV2/firmware/library/L0_LowLevel/startup.o
                0x0000000000000608                Pwm0IrqHandler
                0x0000000000000608                EepromIrqHandler
                0x0000000000000608                Timer2IrqHandler
                0x0000000000000608                I2c1IrqHandler
                0x0000000000000608                LcdIrqHandler
                0x0000000000000608                I2c2IrqHandler
                0x0000000000000608                CanIrqHandler
                0x0000000000000608                RitIrqHandler
                0x0000000000000608                Uart2IrqHandler
                0x0000000000000608                I2sIrqHandler
                0x0000000000000608                IntDefaultHandler
                0x0000000000000608                Uart4IrqHandler
                0x0000000000000608                BodIrqHandler
                0x0000000000000608                RtcIrqHandler
                0x0000000000000608                Uart0IrqHandler
                0x0000000000000608                UsbIrqHandler
                0x0000000000000608                AdcIrqHandler
                0x0000000000000608                EnetIrqHandler
                0x0000000000000608                DmaIrqHandler
                0x0000000000000608                Eint1IrqHandler
                0x0000000000000608                GpioIrqHandler
                0x0000000000000608                SdioIrqHandler
                0x0000000000000608                Pll1IrqHandler
                0x0000000000000608                Pwm1IrqHandler
                0x0000000000000608                Timer0IrqHandler
                0x0000000000000608                Uart3IrqHandler
                0x0000000000000608                Timer1IrqHandler
                0x0000000000000608                Uart1IrqHandler
                0x0000000000000608                QeiIrqHandler
                0x0000000000000608                Ssp2IrqHandler
                0x0000000000000608                Ssp1IrqHandler
                0x0000000000000608                Ssp0IrqHandler
                0x0000000000000608                UsbactivityIrqHandler
                0x0000000000000608                Pll0IrqHandler
                0x0000000000000608                CanactivityIrqHandler
                0x0000000000000608                McpwmIrqHandler
                0x0000000000000608                WdtIrqHandler
                0x0000000000000608                Eint2IrqHandler
                0x0000000000000608                Timer3IrqHandler
                0x0000000000000608                Eint3IrqHandler
                0x0000000000000608                I2c0IrqHandler
                0x0000000000000608                Eint0IrqHandler
                0x0000000000000608                SpiIrqHandler
 .text._ZN5uart04InitEm
                0x0000000000000680       0xb4 build/compiled//home/chue/SJSU/SJSU-DEV2/firmware/library/L0_LowLevel/uart0.o
                0x0000000000000680                uart0::Init(unsigned long)
 .text._ZN5uart07GetCharEc
                0x0000000000000734       0x3c build/compiled//home/chue/SJSU/SJSU-DEV2/firmware/library/L0_LowLevel/uart0.o
                0x0000000000000734                uart0::GetChar(char)
 .text._ZN5uart07PutCharEc
                0x0000000000000770       0x40 build/compiled//home/chue/SJSU/SJSU-DEV2/firmware/library/L0_LowLevel/uart0.o
                0x0000000000000770                uart0::PutChar(char)
 .text._ZN5uart04PutsEPKc
                0x00000000000007b0       0x36 build/compiled//home/chue/SJSU/SJSU-DEV2/firmware/library/L0_LowLevel/uart0.o
                0x00000000000007b0                uart0::Puts(char const*)
 .text._Unwind_GetGR
                0x00000000000007e6       0x26 build/compiled//home/chue/SJSU/SJSU-DEV2/firmware/library/L2_Utilities/backtrace.o
 .text._Z5TraceP15_Unwind_ContextPv
                0x000000000000080c       0x4c build/compiled//home/chue/SJSU/SJSU-DEV2/firmware/library/L2_Utilities/backtrace.o
                0x000000000000080c                Trace(_Unwind_Context*, void*)
 .text._Z10PrintTracev
                0x0000000000000858       0x20 build/compiled//home/chue/SJSU/SJSU-DEV2/firmware/library/L2_Utilities/backtrace.o
                0x0000000000000858                PrintTrace()
 .text._isatty  0x0000000000000878       0x16 build/compiled//home/chue/SJSU/SJSU-DEV2/firmware/library/newlib/newlib.o
                0x0000000000000878                _isatty
 .text._exit    0x000000000000088e        0xc build/compiled//home/chue/SJSU/SJSU-DEV2/firmware/library/newlib/newlib.o
                0x000000000000088e                _exit
 .text._getpid  0x000000000000089a       0x10 build/compiled//home/chue/SJSU/SJSU-DEV2/firmware/library/newlib/newlib.o
                0x000000000000089a                _getpid
 .text._kill    0x00000000000008aa       0x1a build/compiled//home/chue/SJSU/SJSU-DEV2/firmware/library/newlib/newlib.o
                0x00000000000008aa                _kill
 .text._fstat   0x00000000000008c4       0x20 build/compiled//home/chue/SJSU/SJSU-DEV2/firmware/library/newlib/newlib.o
                0x00000000000008c4                _fstat
 .text._sbrk    0x00000000000008e4       0x50 build/compiled//home/chue/SJSU/SJSU-DEV2/firmware/library/newlib/newlib.o
                0x00000000000008e4                _sbrk
 .text._close   0x0000000000000934       0x18 build/compiled//home/chue/SJSU/SJSU-DEV2/firmware/library/newlib/newlib.o
                0x0000000000000934                _close
 .text._write   0x000000000000094c       0x38 build/compiled//home/chue/SJSU/SJSU-DEV2/firmware/library/newlib/newlib.o
                0x000000000000094c                _write
 .text._lseek   0x0000000000000984       0x1a build/compiled//home/chue/SJSU/SJSU-DEV2/firmware/library/newlib/newlib.o
                0x0000000000000984                _lseek
 .text._read    0x000000000000099e       0x4c build/compiled//home/chue/SJSU/SJSU-DEV2/firmware/library/newlib/newlib.o
                0x000000000000099e                _read
 .text.printf   0x00000000000009ea       0x4e build/compiled//home/chue/SJSU/SJSU-DEV2/firmware/library/newlib/printf.o
                0x00000000000009ea                printf
 .text.vListInsertEnd
                0x0000000000000a38       0x48 build/compiled//home/chue/SJSU/SJSU-DEV2/firmware/library/third_party/FreeRTOS/Source/list.o
                0x0000000000000a38                vListInsertEnd
 .text.uxListRemove
                0x0000000000000a80       0x54 build/compiled//home/chue/SJSU/SJSU-DEV2/firmware/library/third_party/FreeRTOS/Source/list.o
                0x0000000000000a80                uxListRemove
 *fill*         0x0000000000000ad4        0xc ff
 .text.vPortSVCHandler
                0x0000000000000ae0       0x28 build/compiled//home/chue/SJSU/SJSU-DEV2/firmware/library/third_party/FreeRTOS/Source/portable/GCC/ARM_CM4F/port.o
                0x0000000000000ae0                vPortSVCHandler
 *fill*         0x0000000000000b08        0x8 ff
 .text.xPortPendSVHandler
                0x0000000000000b10       0x68 build/compiled//home/chue/SJSU/SJSU-DEV2/firmware/library/third_party/FreeRTOS/Source/portable/GCC/ARM_CM4F/port.o
                0x0000000000000b10                xPortPendSVHandler
 .text.xPortSysTickHandler
                0x0000000000000b78       0x40 build/compiled//home/chue/SJSU/SJSU-DEV2/firmware/library/third_party/FreeRTOS/Source/portable/GCC/ARM_CM4F/port.o
                0x0000000000000b78                xPortSysTickHandler
 .text.xTaskIncrementTick
                0x0000000000000bb8      0x158 build/compiled//home/chue/SJSU/SJSU-DEV2/firmware/library/third_party/FreeRTOS/Source/tasks.o
                0x0000000000000bb8                xTaskIncrementTick
 .text.vTaskSwitchContext
                0x0000000000000d10       0x8c build/compiled//home/chue/SJSU/SJSU-DEV2/firmware/library/third_party/FreeRTOS/Source/tasks.o
                0x0000000000000d10                vTaskSwitchContext
 .text.prvResetNextTaskUnblockTime
                0x0000000000000d9c       0x4c build/compiled//home/chue/SJSU/SJSU-DEV2/firmware/library/third_party/FreeRTOS/Source/tasks.o
 .text.xTaskGetSchedulerState
                0x0000000000000de8       0x3c build/compiled//home/chue/SJSU/SJSU-DEV2/firmware/library/third_party/FreeRTOS/Source/tasks.o
                0x0000000000000de8                xTaskGetSchedulerState
 .text          0x0000000000000e24      0x9ec /home/chue/SJSU/SJSU-DEV2/tools/gcc-arm-none-eabi-7-2017-q4-major/bin/../lib/gcc/arm-none-eabi/7.2.1/thumb/v7e-m/fpv4-sp/hard/libgcc.a(unwind-arm.o)
                0x00000000000010d8                _Unwind_GetCFA
                0x00000000000010dc                __gnu_Unwind_RaiseException
                0x000000000000113c                __gnu_Unwind_ForcedUnwind
                0x0000000000001150                __gnu_Unwind_Resume
                0x0000000000001194                __gnu_Unwind_Resume_or_Rethrow
                0x00000000000011a4                _Unwind_Complete
                0x00000000000011a8                _Unwind_DeleteException
                0x00000000000011b4                _Unwind_VRS_Get
                0x00000000000011f8                _Unwind_VRS_Set
                0x0000000000001240                __gnu_Unwind_Backtrace
                0x0000000000001584                __aeabi_unwind_cpp_pr0
                0x0000000000001588                __aeabi_unwind_cpp_pr1
                0x000000000000158c                __aeabi_unwind_cpp_pr2
                0x0000000000001590                _Unwind_VRS_Pop
 .text          0x0000000000001810      0x1ac /home/chue/SJSU/SJSU-DEV2/tools/gcc-arm-none-eabi-7-2017-q4-major/bin/../lib/gcc/arm-none-eabi/7.2.1/thumb/v7e-m/fpv4-sp/hard/libgcc.a(libunwind.o)
                0x0000000000001810                __restore_core_regs
                0x0000000000001810                restore_core_regs
                0x0000000000001828                __gnu_Unwind_Restore_VFP
                0x0000000000001830                __gnu_Unwind_Save_VFP
                0x0000000000001838                __gnu_Unwind_Restore_VFP_D
                0x0000000000001840                __gnu_Unwind_Save_VFP_D
                0x0000000000001848                __gnu_Unwind_Restore_VFP_D_16_to_31
                0x0000000000001850                __gnu_Unwind_Save_VFP_D_16_to_31
                0x0000000000001858                __gnu_Unwind_Restore_WMMXD
                0x000000000000189c                __gnu_Unwind_Save_WMMXD
                0x00000000000018e0                __gnu_Unwind_Restore_WMMXC
                0x00000000000018f4                __gnu_Unwind_Save_WMMXC
                0x0000000000001908                ___Unwind_RaiseException
                0x0000000000001908                _Unwind_RaiseException
                0x000000000000192c                ___Unwind_Resume
                0x000000000000192c                _Unwind_Resume
                0x0000000000001950                _Unwind_Resume_or_Rethrow
                0x0000000000001950                ___Unwind_Resume_or_Rethrow
                0x0000000000001974                ___Unwind_ForcedUnwind
                0x0000000000001974                _Unwind_ForcedUnwind
                0x0000000000001998                _Unwind_Backtrace
                0x0000000000001998                ___Unwind_Backtrace
 .text          0x00000000000019bc      0x374 /home/chue/SJSU/SJSU-DEV2/tools/gcc-arm-none-eabi-7-2017-q4-major/bin/../lib/gcc/arm-none-eabi/7.2.1/thumb/v7e-m/fpv4-sp/hard/libgcc.a(pr-support.o)
                0x0000000000001a14                __gnu_unwind_execute
                0x0000000000001cd8                __gnu_unwind_frame
                0x0000000000001d00                _Unwind_GetRegionStart
                0x0000000000001d0c                _Unwind_GetLanguageSpecificData
                0x0000000000001d20                _Unwind_GetDataRelBase
                0x0000000000001d28                _Unwind_GetTextRelBase
 .text.abort    0x0000000000001d30        0xe /home/chue/SJSU/SJSU-DEV2/tools/gcc-arm-none-eabi-7-2017-q4-major/bin/../lib/gcc/arm-none-eabi/7.2.1/../../../../arm-none-eabi/lib/thumb/v7e-m/fpv4-sp/hard/libg_nano.a(lib_a-abort.o)
                0x0000000000001d30                abort
 *fill*         0x0000000000001d3e        0x2 ff
 .text.__libc_init_array
                0x0000000000001d40       0x48 /home/chue/SJSU/SJSU-DEV2/tools/gcc-arm-none-eabi-7-2017-q4-major/bin/../lib/gcc/arm-none-eabi/7.2.1/../../../../arm-none-eabi/lib/thumb/v7e-m/fpv4-sp/hard/libg_nano.a(lib_a-init.o)
                0x0000000000001d40                __libc_init_array
 .text.memcpy   0x0000000000001d88       0x16 /home/chue/SJSU/SJSU-DEV2/tools/gcc-arm-none-eabi-7-2017-q4-major/bin/../lib/gcc/arm-none-eabi/7.2.1/../../../../arm-none-eabi/lib/thumb/v7e-m/fpv4-sp/hard/libg_nano.a(lib_a-memcpy-stub.o)
                0x0000000000001d88                memcpy
 .text.memset   0x0000000000001d9e       0x10 /home/chue/SJSU/SJSU-DEV2/tools/gcc-arm-none-eabi-7-2017-q4-major/bin/../lib/gcc/arm-none-eabi/7.2.1/../../../../arm-none-eabi/lib/thumb/v7e-m/fpv4-sp/hard/libg_nano.a(lib_a-memset.o)
                0x0000000000001d9e                memset
 *fill*         0x0000000000001dae        0x2 ff
 .text._free_r  0x0000000000001db0       0x9c /home/chue/SJSU/SJSU-DEV2/tools/gcc-arm-none-eabi-7-2017-q4-major/bin/../lib/gcc/arm-none-eabi/7.2.1/../../../../arm-none-eabi/lib/thumb/v7e-m/fpv4-sp/hard/libg_nano.a(lib_a-nano-freer.o)
                0x0000000000001db0                _free_r
 .text._malloc_r
                0x0000000000001e4c       0xb4 /home/chue/SJSU/SJSU-DEV2/tools/gcc-arm-none-eabi-7-2017-q4-major/bin/../lib/gcc/arm-none-eabi/7.2.1/../../../../arm-none-eabi/lib/thumb/v7e-m/fpv4-sp/hard/libg_nano.a(lib_a-nano-mallocr.o)
                0x0000000000001e4c                _malloc_r
 .text._puts_r  0x0000000000001f00       0xb8 /home/chue/SJSU/SJSU-DEV2/tools/gcc-arm-none-eabi-7-2017-q4-major/bin/../lib/gcc/arm-none-eabi/7.2.1/../../../../arm-none-eabi/lib/thumb/v7e-m/fpv4-sp/hard/libg_nano.a(lib_a-puts.o)
                0x0000000000001f00                _puts_r
 .text.puts     0x0000000000001fb8       0x10 /home/chue/SJSU/SJSU-DEV2/tools/gcc-arm-none-eabi-7-2017-q4-major/bin/../lib/gcc/arm-none-eabi/7.2.1/../../../../arm-none-eabi/lib/thumb/v7e-m/fpv4-sp/hard/libg_nano.a(lib_a-puts.o)
                0x0000000000001fb8                puts
 .text._sbrk_r  0x0000000000001fc8       0x20 /home/chue/SJSU/SJSU-DEV2/tools/gcc-arm-none-eabi-7-2017-q4-major/bin/../lib/gcc/arm-none-eabi/7.2.1/../../../../arm-none-eabi/lib/thumb/v7e-m/fpv4-sp/hard/libg_nano.a(lib_a-sbrkr.o)
                0x0000000000001fc8                _sbrk_r
 .text._raise_r
                0x0000000000001fe8       0x50 /home/chue/SJSU/SJSU-DEV2/tools/gcc-arm-none-eabi-7-2017-q4-major/bin/../lib/gcc/arm-none-eabi/7.2.1/../../../../arm-none-eabi/lib/thumb/v7e-m/fpv4-sp/hard/libg_nano.a(lib_a-signal.o)
                0x0000000000001fe8                _raise_r
 .text.raise    0x0000000000002038       0x10 /home/chue/SJSU/SJSU-DEV2/tools/gcc-arm-none-eabi-7-2017-q4-major/bin/../lib/gcc/arm-none-eabi/7.2.1/../../../../arm-none-eabi/lib/thumb/v7e-m/fpv4-sp/hard/libg_nano.a(lib_a-signal.o)
                0x0000000000002038                raise
 .text._kill_r  0x0000000000002048       0x24 /home/chue/SJSU/SJSU-DEV2/tools/gcc-arm-none-eabi-7-2017-q4-major/bin/../lib/gcc/arm-none-eabi/7.2.1/../../../../arm-none-eabi/lib/thumb/v7e-m/fpv4-sp/hard/libg_nano.a(lib_a-signalr.o)
                0x0000000000002048                _kill_r
 .text._getpid_r
                0x000000000000206c        0x4 /home/chue/SJSU/SJSU-DEV2/tools/gcc-arm-none-eabi-7-2017-q4-major/bin/../lib/gcc/arm-none-eabi/7.2.1/../../../../arm-none-eabi/lib/thumb/v7e-m/fpv4-sp/hard/libg_nano.a(lib_a-signalr.o)
                0x000000000000206c                _getpid_r
 .text._vsnprintf_r
                0x0000000000002070       0x58 /home/chue/SJSU/SJSU-DEV2/tools/gcc-arm-none-eabi-7-2017-q4-major/bin/../lib/gcc/arm-none-eabi/7.2.1/../../../../arm-none-eabi/lib/thumb/v7e-m/fpv4-sp/hard/libg_nano.a(lib_a-vsnprintf.o)
                0x0000000000002070                _vsnprintf_r
                0x0000000000002070                _vsniprintf_r
 .text.vsnprintf
                0x00000000000020c8       0x1c /home/chue/SJSU/SJSU-DEV2/tools/gcc-arm-none-eabi-7-2017-q4-major/bin/../lib/gcc/arm-none-eabi/7.2.1/../../../../arm-none-eabi/lib/thumb/v7e-m/fpv4-sp/hard/libg_nano.a(lib_a-vsnprintf.o)
                0x00000000000020c8                vsnprintf
                0x00000000000020c8                vsniprintf
 .text.__swbuf_r
                0x00000000000020e4       0xa4 /home/chue/SJSU/SJSU-DEV2/tools/gcc-arm-none-eabi-7-2017-q4-major/bin/../lib/gcc/arm-none-eabi/7.2.1/../../../../arm-none-eabi/lib/thumb/v7e-m/fpv4-sp/hard/libg_nano.a(lib_a-wbuf.o)
                0x00000000000020e4                __swbuf_r
 .text.__swsetup_r
                0x0000000000002188       0xdc /home/chue/SJSU/SJSU-DEV2/tools/gcc-arm-none-eabi-7-2017-q4-major/bin/../lib/gcc/arm-none-eabi/7.2.1/../../../../arm-none-eabi/lib/thumb/v7e-m/fpv4-sp/hard/libg_nano.a(lib_a-wsetup.o)
                0x0000000000002188                __swsetup_r
 .text.__sflush_r
                0x0000000000002264      0x10c /home/chue/SJSU/SJSU-DEV2/tools/gcc-arm-none-eabi-7-2017-q4-major/bin/../lib/gcc/arm-none-eabi/7.2.1/../../../../arm-none-eabi/lib/thumb/v7e-m/fpv4-sp/hard/libg_nano.a(lib_a-fflush.o)
                0x0000000000002264                __sflush_r
 .text._fflush_r
                0x0000000000002370       0x54 /home/chue/SJSU/SJSU-DEV2/tools/gcc-arm-none-eabi-7-2017-q4-major/bin/../lib/gcc/arm-none-eabi/7.2.1/../../../../arm-none-eabi/lib/thumb/v7e-m/fpv4-sp/hard/libg_nano.a(lib_a-fflush.o)
                0x0000000000002370                _fflush_r
 .text.std      0x00000000000023c4       0x48 /home/chue/SJSU/SJSU-DEV2/tools/gcc-arm-none-eabi-7-2017-q4-major/bin/../lib/gcc/arm-none-eabi/7.2.1/../../../../arm-none-eabi/lib/thumb/v7e-m/fpv4-sp/hard/libg_nano.a(lib_a-findfp.o)
 .text._cleanup_r
                0x000000000000240c        0xc /home/chue/SJSU/SJSU-DEV2/tools/gcc-arm-none-eabi-7-2017-q4-major/bin/../lib/gcc/arm-none-eabi/7.2.1/../../../../arm-none-eabi/lib/thumb/v7e-m/fpv4-sp/hard/libg_nano.a(lib_a-findfp.o)
                0x000000000000240c                _cleanup_r
 .text.__sfmoreglue
                0x0000000000002418       0x2c /home/chue/SJSU/SJSU-DEV2/tools/gcc-arm-none-eabi-7-2017-q4-major/bin/../lib/gcc/arm-none-eabi/7.2.1/../../../../arm-none-eabi/lib/thumb/v7e-m/fpv4-sp/hard/libg_nano.a(lib_a-findfp.o)
                0x0000000000002418                __sfmoreglue
 .text.__sinit  0x0000000000002444       0x60 /home/chue/SJSU/SJSU-DEV2/tools/gcc-arm-none-eabi-7-2017-q4-major/bin/../lib/gcc/arm-none-eabi/7.2.1/../../../../arm-none-eabi/lib/thumb/v7e-m/fpv4-sp/hard/libg_nano.a(lib_a-findfp.o)
                0x0000000000002444                __sinit
 .text.__sfp    0x00000000000024a4       0x78 /home/chue/SJSU/SJSU-DEV2/tools/gcc-arm-none-eabi-7-2017-q4-major/bin/../lib/gcc/arm-none-eabi/7.2.1/../../../../arm-none-eabi/lib/thumb/v7e-m/fpv4-sp/hard/libg_nano.a(lib_a-findfp.o)
                0x00000000000024a4                __sfp
 .text._fwalk_reent
                0x000000000000251c       0x3c /home/chue/SJSU/SJSU-DEV2/tools/gcc-arm-none-eabi-7-2017-q4-major/bin/../lib/gcc/arm-none-eabi/7.2.1/../../../../arm-none-eabi/lib/thumb/v7e-m/fpv4-sp/hard/libg_nano.a(lib_a-fwalk.o)
                0x000000000000251c                _fwalk_reent
 .text.__swhatbuf_r
                0x0000000000002558       0x48 /home/chue/SJSU/SJSU-DEV2/tools/gcc-arm-none-eabi-7-2017-q4-major/bin/../lib/gcc/arm-none-eabi/7.2.1/../../../../arm-none-eabi/lib/thumb/v7e-m/fpv4-sp/hard/libg_nano.a(lib_a-makebuf.o)
                0x0000000000002558                __swhatbuf_r
 .text.__smakebuf_r
                0x00000000000025a0       0x80 /home/chue/SJSU/SJSU-DEV2/tools/gcc-arm-none-eabi-7-2017-q4-major/bin/../lib/gcc/arm-none-eabi/7.2.1/../../../../arm-none-eabi/lib/thumb/v7e-m/fpv4-sp/hard/libg_nano.a(lib_a-makebuf.o)
                0x00000000000025a0                __smakebuf_r
 .text          0x0000000000002620       0xa0 /home/chue/SJSU/SJSU-DEV2/tools/gcc-arm-none-eabi-7-2017-q4-major/bin/../lib/gcc/arm-none-eabi/7.2.1/../../../../arm-none-eabi/lib/thumb/v7e-m/fpv4-sp/hard/libg_nano.a(lib_a-memchr.o)
                0x0000000000002620                memchr
 .text.__malloc_lock
                0x00000000000026c0        0x2 /home/chue/SJSU/SJSU-DEV2/tools/gcc-arm-none-eabi-7-2017-q4-major/bin/../lib/gcc/arm-none-eabi/7.2.1/../../../../arm-none-eabi/lib/thumb/v7e-m/fpv4-sp/hard/libg_nano.a(lib_a-mlock.o)
                0x00000000000026c0                __malloc_lock
 .text.__malloc_unlock
                0x00000000000026c2        0x2 /home/chue/SJSU/SJSU-DEV2/tools/gcc-arm-none-eabi-7-2017-q4-major/bin/../lib/gcc/arm-none-eabi/7.2.1/../../../../arm-none-eabi/lib/thumb/v7e-m/fpv4-sp/hard/libg_nano.a(lib_a-mlock.o)
                0x00000000000026c2                __malloc_unlock
 .text._realloc_r
                0x00000000000026c4       0x4c /home/chue/SJSU/SJSU-DEV2/tools/gcc-arm-none-eabi-7-2017-q4-major/bin/../lib/gcc/arm-none-eabi/7.2.1/../../../../arm-none-eabi/lib/thumb/v7e-m/fpv4-sp/hard/libg_nano.a(lib_a-nano-reallocr.o)
                0x00000000000026c4                _realloc_r
 .text.__ssputs_r
                0x0000000000002710       0xb4 /home/chue/SJSU/SJSU-DEV2/tools/gcc-arm-none-eabi-7-2017-q4-major/bin/../lib/gcc/arm-none-eabi/7.2.1/../../../../arm-none-eabi/lib/thumb/v7e-m/fpv4-sp/hard/libg_nano.a(lib_a-nano-svfprintf.o)
                0x0000000000002710                __ssputs_r
 .text._svfprintf_r
                0x00000000000027c4      0x1ec /home/chue/SJSU/SJSU-DEV2/tools/gcc-arm-none-eabi-7-2017-q4-major/bin/../lib/gcc/arm-none-eabi/7.2.1/../../../../arm-none-eabi/lib/thumb/v7e-m/fpv4-sp/hard/libg_nano.a(lib_a-nano-svfprintf.o)
                0x00000000000027c4                _svfprintf_r
                0x00000000000027c4                _svfiprintf_r
 .text._printf_common
                0x00000000000029b0       0xea /home/chue/SJSU/SJSU-DEV2/tools/gcc-arm-none-eabi-7-2017-q4-major/bin/../lib/gcc/arm-none-eabi/7.2.1/../../../../arm-none-eabi/lib/thumb/v7e-m/fpv4-sp/hard/libg_nano.a(lib_a-nano-vfprintf_i.o)
                0x00000000000029b0                _printf_common
 *fill*         0x0000000000002a9a        0x2 ff
 .text._printf_i
                0x0000000000002a9c      0x224 /home/chue/SJSU/SJSU-DEV2/tools/gcc-arm-none-eabi-7-2017-q4-major/bin/../lib/gcc/arm-none-eabi/7.2.1/../../../../arm-none-eabi/lib/thumb/v7e-m/fpv4-sp/hard/libg_nano.a(lib_a-nano-vfprintf_i.o)
                0x0000000000002a9c                _printf_i
 .text.__sread  0x0000000000002cc0       0x22 /home/chue/SJSU/SJSU-DEV2/tools/gcc-arm-none-eabi-7-2017-q4-major/bin/../lib/gcc/arm-none-eabi/7.2.1/../../../../arm-none-eabi/lib/thumb/v7e-m/fpv4-sp/hard/libg_nano.a(lib_a-stdio.o)
                0x0000000000002cc0                __sread
 .text.__swrite
                0x0000000000002ce2       0x38 /home/chue/SJSU/SJSU-DEV2/tools/gcc-arm-none-eabi-7-2017-q4-major/bin/../lib/gcc/arm-none-eabi/7.2.1/../../../../arm-none-eabi/lib/thumb/v7e-m/fpv4-sp/hard/libg_nano.a(lib_a-stdio.o)
                0x0000000000002ce2                __swrite
 .text.__sseek  0x0000000000002d1a       0x24 /home/chue/SJSU/SJSU-DEV2/tools/gcc-arm-none-eabi-7-2017-q4-major/bin/../lib/gcc/arm-none-eabi/7.2.1/../../../../arm-none-eabi/lib/thumb/v7e-m/fpv4-sp/hard/libg_nano.a(lib_a-stdio.o)
                0x0000000000002d1a                __sseek
 .text.__sclose
                0x0000000000002d3e        0x8 /home/chue/SJSU/SJSU-DEV2/tools/gcc-arm-none-eabi-7-2017-q4-major/bin/../lib/gcc/arm-none-eabi/7.2.1/../../../../arm-none-eabi/lib/thumb/v7e-m/fpv4-sp/hard/libg_nano.a(lib_a-stdio.o)
                0x0000000000002d3e                __sclose
 *fill*         0x0000000000002d46        0x2 ff
 .text._write_r
                0x0000000000002d48       0x24 /home/chue/SJSU/SJSU-DEV2/tools/gcc-arm-none-eabi-7-2017-q4-major/bin/../lib/gcc/arm-none-eabi/7.2.1/../../../../arm-none-eabi/lib/thumb/v7e-m/fpv4-sp/hard/libg_nano.a(lib_a-writer.o)
                0x0000000000002d48                _write_r
 .text._close_r
                0x0000000000002d6c       0x20 /home/chue/SJSU/SJSU-DEV2/tools/gcc-arm-none-eabi-7-2017-q4-major/bin/../lib/gcc/arm-none-eabi/7.2.1/../../../../arm-none-eabi/lib/thumb/v7e-m/fpv4-sp/hard/libg_nano.a(lib_a-closer.o)
                0x0000000000002d6c                _close_r
 .text._fstat_r
                0x0000000000002d8c       0x24 /home/chue/SJSU/SJSU-DEV2/tools/gcc-arm-none-eabi-7-2017-q4-major/bin/../lib/gcc/arm-none-eabi/7.2.1/../../../../arm-none-eabi/lib/thumb/v7e-m/fpv4-sp/hard/libg_nano.a(lib_a-fstatr.o)
                0x0000000000002d8c                _fstat_r
 .text._isatty_r
                0x0000000000002db0       0x20 /home/chue/SJSU/SJSU-DEV2/tools/gcc-arm-none-eabi-7-2017-q4-major/bin/../lib/gcc/arm-none-eabi/7.2.1/../../../../arm-none-eabi/lib/thumb/v7e-m/fpv4-sp/hard/libg_nano.a(lib_a-isattyr.o)
                0x0000000000002db0                _isatty_r
 .text._lseek_r
                0x0000000000002dd0       0x24 /home/chue/SJSU/SJSU-DEV2/tools/gcc-arm-none-eabi-7-2017-q4-major/bin/../lib/gcc/arm-none-eabi/7.2.1/../../../../arm-none-eabi/lib/thumb/v7e-m/fpv4-sp/hard/libg_nano.a(lib_a-lseekr.o)
                0x0000000000002dd0                _lseek_r
 .text.memmove  0x0000000000002df4       0x32 /home/chue/SJSU/SJSU-DEV2/tools/gcc-arm-none-eabi-7-2017-q4-major/bin/../lib/gcc/arm-none-eabi/7.2.1/../../../../arm-none-eabi/lib/thumb/v7e-m/fpv4-sp/hard/libg_nano.a(lib_a-memmove.o)
                0x0000000000002df4                memmove
 .text._malloc_usable_size_r
                0x0000000000002e26       0x10 /home/chue/SJSU/SJSU-DEV2/tools/gcc-arm-none-eabi-7-2017-q4-major/bin/../lib/gcc/arm-none-eabi/7.2.1/../../../../arm-none-eabi/lib/thumb/v7e-m/fpv4-sp/hard/libg_nano.a(lib_a-nano-msizer.o)
                0x0000000000002e26                _malloc_usable_size_r
 *fill*         0x0000000000002e36        0x2 ff
 .text._read_r  0x0000000000002e38       0x24 /home/chue/SJSU/SJSU-DEV2/tools/gcc-arm-none-eabi-7-2017-q4-major/bin/../lib/gcc/arm-none-eabi/7.2.1/../../../../arm-none-eabi/lib/thumb/v7e-m/fpv4-sp/hard/libg_nano.a(lib_a-readr.o)
                0x0000000000002e38                _read_r
 *(.rodata .rodata.* .constdata .constdata.*)
 .rodata._ZZ19SetupTimerInterruptvE4file
                0x0000000000002e5c        0xc build/compiled//home/chue/SJSU/SJSU-DEV2/firmware/library/L0_LowLevel/startup.o
 .rodata._ZZ19SetupTimerInterruptvE4file_0
                0x0000000000002e68        0xc build/compiled//home/chue/SJSU/SJSU-DEV2/firmware/library/L0_LowLevel/startup.o
 .rodata._ZZ19SetupTimerInterruptvE4file_1
                0x0000000000002e74        0xc build/compiled//home/chue/SJSU/SJSU-DEV2/firmware/library/L0_LowLevel/startup.o
 .rodata        0x0000000000002e80      0x2f5 build/compiled//home/chue/SJSU/SJSU-DEV2/firmware/library/L0_LowLevel/startup.o
 *fill*         0x0000000000003175        0x3 ff
 .rodata._ZZ21GetRegistersFromStackE4file
                0x0000000000003178        0xc build/compiled//home/chue/SJSU/SJSU-DEV2/firmware/library/L0_LowLevel/startup.o
 .rodata._ZZ14SysTickHandlerE4file
                0x0000000000003184        0xc build/compiled//home/chue/SJSU/SJSU-DEV2/firmware/library/L0_LowLevel/startup.o
 .rodata._ZZ17IntDefaultHandlerE4file
                0x0000000000003190        0xc build/compiled//home/chue/SJSU/SJSU-DEV2/firmware/library/L0_LowLevel/startup.o
 .rodata._ZTV11SystemTimer
                0x000000000000319c       0x18 build/compiled//home/chue/SJSU/SJSU-DEV2/firmware/library/L0_LowLevel/startup.o
                0x000000000000319c                vtable for SystemTimer
 .rodata._ZZ19SetupTimerInterruptvE19__PRETTY_FUNCTION__
                0x00000000000031b4       0x1b build/compiled//home/chue/SJSU/SJSU-DEV2/firmware/library/L0_LowLevel/startup.o
 *fill*         0x00000000000031cf        0x1 ff
 .rodata._ZZ21GetRegistersFromStackE19__PRETTY_FUNCTION__
                0x00000000000031d0       0x26 build/compiled//home/chue/SJSU/SJSU-DEV2/firmware/library/L0_LowLevel/startup.o
 *fill*         0x00000000000031f6        0x2 ff
 .rodata._ZZ14SysTickHandlerE19__PRETTY_FUNCTION__
                0x00000000000031f8       0x16 build/compiled//home/chue/SJSU/SJSU-DEV2/firmware/library/L0_LowLevel/startup.o
 *fill*         0x000000000000320e        0x2 ff
 .rodata._ZZ17IntDefaultHandlerE19__PRETTY_FUNCTION__
                0x0000000000003210       0x19 build/compiled//home/chue/SJSU/SJSU-DEV2/firmware/library/L0_LowLevel/startup.o
 *fill*         0x0000000000003229        0x3 ff
 .rodata        0x000000000000322c       0x20 build/compiled//home/chue/SJSU/SJSU-DEV2/firmware/library/L2_Utilities/backtrace.o
 .rodata._global_impure_ptr
                0x000000000000324c        0x4 /home/chue/SJSU/SJSU-DEV2/tools/gcc-arm-none-eabi-7-2017-q4-major/bin/../lib/gcc/arm-none-eabi/7.2.1/../../../../arm-none-eabi/lib/thumb/v7e-m/fpv4-sp/hard/libg_nano.a(lib_a-impure.o)
                0x000000000000324c                _global_impure_ptr
 .rodata.__sf_fake_stderr
                0x0000000000003250       0x20 /home/chue/SJSU/SJSU-DEV2/tools/gcc-arm-none-eabi-7-2017-q4-major/bin/../lib/gcc/arm-none-eabi/7.2.1/../../../../arm-none-eabi/lib/thumb/v7e-m/fpv4-sp/hard/libg_nano.a(lib_a-findfp.o)
                0x0000000000003250                __sf_fake_stderr
 .rodata.__sf_fake_stdin
                0x0000000000003270       0x20 /home/chue/SJSU/SJSU-DEV2/tools/gcc-arm-none-eabi-7-2017-q4-major/bin/../lib/gcc/arm-none-eabi/7.2.1/../../../../arm-none-eabi/lib/thumb/v7e-m/fpv4-sp/hard/libg_nano.a(lib_a-findfp.o)
                0x0000000000003270                __sf_fake_stdin
 .rodata.__sf_fake_stdout
                0x0000000000003290       0x20 /home/chue/SJSU/SJSU-DEV2/tools/gcc-arm-none-eabi-7-2017-q4-major/bin/../lib/gcc/arm-none-eabi/7.2.1/../../../../arm-none-eabi/lib/thumb/v7e-m/fpv4-sp/hard/libg_nano.a(lib_a-findfp.o)
                0x0000000000003290                __sf_fake_stdout
 .rodata._svfprintf_r.str1.1
                0x00000000000032b0       0x11 /home/chue/SJSU/SJSU-DEV2/tools/gcc-arm-none-eabi-7-2017-q4-major/bin/../lib/gcc/arm-none-eabi/7.2.1/../../../../arm-none-eabi/lib/thumb/v7e-m/fpv4-sp/hard/libg_nano.a(lib_a-nano-svfprintf.o)
 .rodata._printf_i.str1.1
                0x00000000000032c1       0x22 /home/chue/SJSU/SJSU-DEV2/tools/gcc-arm-none-eabi-7-2017-q4-major/bin/../lib/gcc/arm-none-eabi/7.2.1/../../../../arm-none-eabi/lib/thumb/v7e-m/fpv4-sp/hard/libg_nano.a(lib_a-nano-vfprintf_i.o)
                0x00000000000032e4                . = ALIGN (0x4)
 *fill*         0x00000000000032e3        0x1 ff

.glue_7         0x00000000000032e4        0x0
 .glue_7        0x00000000000032e4        0x0 linker stubs

.glue_7t        0x00000000000032e4        0x0
 .glue_7t       0x00000000000032e4        0x0 linker stubs

.vfp11_veneer   0x00000000000032e4        0x0
 .vfp11_veneer  0x00000000000032e4        0x0 linker stubs

.v4_bx          0x00000000000032e4        0x0
 .v4_bx         0x00000000000032e4        0x0 linker stubs

.iplt           0x00000000000032e4        0x0
 .iplt          0x00000000000032e4        0x0 /home/chue/SJSU/SJSU-DEV2/tools/gcc-arm-none-eabi-7-2017-q4-major/bin/../lib/gcc/arm-none-eabi/7.2.1/thumb/v7e-m/fpv4-sp/hard/crtbegin.o

.ARM.extab      0x00000000000032e4      0x1c0
 *(.ARM.extab* .gnu.linkonce.armextab.*)
 .ARM.extab.text._ZN11SystemTimer14SetIsrFunctionEPFvvE
                0x00000000000032e4        0xc build/compiled//home/chue/SJSU/SJSU-DEV2/firmware/library/L0_LowLevel/startup.o
 .ARM.extab.text._ZN11SystemTimer10StartTimerEv
                0x00000000000032f0        0xc build/compiled//home/chue/SJSU/SJSU-DEV2/firmware/library/L0_LowLevel/startup.o
 .ARM.extab.text._ZN11SystemTimer12DisableTimerEv
                0x00000000000032fc        0xc build/compiled//home/chue/SJSU/SJSU-DEV2/firmware/library/L0_LowLevel/startup.o
 .ARM.extab.text._ZN11SystemTimer16SetTickFrequencyEm
                0x0000000000003308        0xc build/compiled//home/chue/SJSU/SJSU-DEV2/firmware/library/L0_LowLevel/startup.o
 .ARM.extab.after_vectors
                0x0000000000003314       0x24 build/compiled//home/chue/SJSU/SJSU-DEV2/firmware/library/L0_LowLevel/startup.o
 .ARM.extab.text._Z19SetupTimerInterruptv
                0x0000000000003338        0xc build/compiled//home/chue/SJSU/SJSU-DEV2/firmware/library/L0_LowLevel/startup.o
 .ARM.extab.text.SystemInit
                0x0000000000003344        0x0 build/compiled//home/chue/SJSU/SJSU-DEV2/firmware/library/L0_LowLevel/startup.o
 .ARM.extab.text.ResetIsr
                0x0000000000003344        0xc build/compiled//home/chue/SJSU/SJSU-DEV2/firmware/library/L0_LowLevel/startup.o
 .ARM.extab.text.GetRegistersFromStack
                0x0000000000003350        0xc build/compiled//home/chue/SJSU/SJSU-DEV2/firmware/library/L0_LowLevel/startup.o
 .ARM.extab.text.IntDefaultHandler
                0x000000000000335c        0xc build/compiled//home/chue/SJSU/SJSU-DEV2/firmware/library/L0_LowLevel/startup.o
 .ARM.extab.text._ZN5uart04InitEm
                0x0000000000003368        0xc build/compiled//home/chue/SJSU/SJSU-DEV2/firmware/library/L0_LowLevel/uart0.o
 .ARM.extab.text._ZN5uart07GetCharEc
                0x0000000000003374        0xc build/compiled//home/chue/SJSU/SJSU-DEV2/firmware/library/L0_LowLevel/uart0.o
 .ARM.extab.text._ZN5uart07PutCharEc
                0x0000000000003380        0xc build/compiled//home/chue/SJSU/SJSU-DEV2/firmware/library/L0_LowLevel/uart0.o
 .ARM.extab.text._ZN5uart04PutsEPKc
                0x000000000000338c        0xc build/compiled//home/chue/SJSU/SJSU-DEV2/firmware/library/L0_LowLevel/uart0.o
 .ARM.extab.text._Unwind_GetGR
                0x0000000000003398        0xc build/compiled//home/chue/SJSU/SJSU-DEV2/firmware/library/L2_Utilities/backtrace.o
 .ARM.extab.text._Z5TraceP15_Unwind_ContextPv
                0x00000000000033a4        0xc build/compiled//home/chue/SJSU/SJSU-DEV2/firmware/library/L2_Utilities/backtrace.o
 .ARM.extab.text._Z10PrintTracev
                0x00000000000033b0        0xc build/compiled//home/chue/SJSU/SJSU-DEV2/firmware/library/L2_Utilities/backtrace.o
 .ARM.extab.text._isatty
                0x00000000000033bc        0xc build/compiled//home/chue/SJSU/SJSU-DEV2/firmware/library/newlib/newlib.o
 .ARM.extab.text._exit
                0x00000000000033c8        0xc build/compiled//home/chue/SJSU/SJSU-DEV2/firmware/library/newlib/newlib.o
 .ARM.extab.text._kill
                0x00000000000033d4        0xc build/compiled//home/chue/SJSU/SJSU-DEV2/firmware/library/newlib/newlib.o
 .ARM.extab.text._fstat
                0x00000000000033e0        0xc build/compiled//home/chue/SJSU/SJSU-DEV2/firmware/library/newlib/newlib.o
 .ARM.extab.text._sbrk
                0x00000000000033ec        0xc build/compiled//home/chue/SJSU/SJSU-DEV2/firmware/library/newlib/newlib.o
 .ARM.extab.text._close
                0x00000000000033f8        0xc build/compiled//home/chue/SJSU/SJSU-DEV2/firmware/library/newlib/newlib.o
 .ARM.extab.text._write
                0x0000000000003404        0xc build/compiled//home/chue/SJSU/SJSU-DEV2/firmware/library/newlib/newlib.o
 .ARM.extab.text._lseek
                0x0000000000003410        0xc build/compiled//home/chue/SJSU/SJSU-DEV2/firmware/library/newlib/newlib.o
 .ARM.extab.text._read
                0x000000000000341c        0xc build/compiled//home/chue/SJSU/SJSU-DEV2/firmware/library/newlib/newlib.o
 .ARM.extab.text.printf
                0x0000000000003428       0x10 build/compiled//home/chue/SJSU/SJSU-DEV2/firmware/library/newlib/printf.o
 .ARM.extab.text.vListInsertEnd
                0x0000000000003438        0xc build/compiled//home/chue/SJSU/SJSU-DEV2/firmware/library/third_party/FreeRTOS/Source/list.o
 .ARM.extab.text.uxListRemove
                0x0000000000003444        0xc build/compiled//home/chue/SJSU/SJSU-DEV2/firmware/library/third_party/FreeRTOS/Source/list.o
 .ARM.extab.text.xPortSysTickHandler
                0x0000000000003450        0xc build/compiled//home/chue/SJSU/SJSU-DEV2/firmware/library/third_party/FreeRTOS/Source/portable/GCC/ARM_CM4F/port.o
 .ARM.extab.text.xTaskIncrementTick
                0x000000000000345c        0xc build/compiled//home/chue/SJSU/SJSU-DEV2/firmware/library/third_party/FreeRTOS/Source/tasks.o
 .ARM.extab.text.vTaskSwitchContext
                0x0000000000003468        0xc build/compiled//home/chue/SJSU/SJSU-DEV2/firmware/library/third_party/FreeRTOS/Source/tasks.o
 .ARM.extab.text.prvResetNextTaskUnblockTime
                0x0000000000003474        0xc build/compiled//home/chue/SJSU/SJSU-DEV2/firmware/library/third_party/FreeRTOS/Source/tasks.o
 .ARM.extab.text.xTaskGetSchedulerState
                0x0000000000003480        0xc build/compiled//home/chue/SJSU/SJSU-DEV2/firmware/library/third_party/FreeRTOS/Source/tasks.o
 .ARM.extab     0x000000000000348c       0x18 /home/chue/SJSU/SJSU-DEV2/tools/gcc-arm-none-eabi-7-2017-q4-major/bin/../lib/gcc/arm-none-eabi/7.2.1/thumb/v7e-m/fpv4-sp/hard/libgcc.a(pr-support.o)
                0x00000000000034a4                __exidx_start = .

.eh_frame       0x00000000000034a4        0x0
 .eh_frame      0x00000000000034a4        0x0 /home/chue/SJSU/SJSU-DEV2/tools/gcc-arm-none-eabi-7-2017-q4-major/bin/../lib/gcc/arm-none-eabi/7.2.1/thumb/v7e-m/fpv4-sp/hard/crtbegin.o

.ARM.exidx      0x00000000000034a4      0x200
 *(.ARM.exidx* .gnu.linkonce.armexidx.*)
 .ARM.exidx.text._ZN11SystemTimer14SetIsrFunctionEPFvvE
                0x00000000000034cc        0x8 build/compiled//home/chue/SJSU/SJSU-DEV2/firmware/library/L0_LowLevel/startup.o
 .ARM.exidx.text._ZN11SystemTimer10StartTimerEv
                0x00000000000034d4        0x8 build/compiled//home/chue/SJSU/SJSU-DEV2/firmware/library/L0_LowLevel/startup.o
 .ARM.exidx.text._ZN11SystemTimer12DisableTimerEv
                0x00000000000034dc        0x8 build/compiled//home/chue/SJSU/SJSU-DEV2/firmware/library/L0_LowLevel/startup.o
 .ARM.exidx.text._ZN11SystemTimer16SetTickFrequencyEm
                0x00000000000034e4        0x8 build/compiled//home/chue/SJSU/SJSU-DEV2/firmware/library/L0_LowLevel/startup.o
 .ARM.exidx.after_vectors
                0x00000000000034a4       0x28 build/compiled//home/chue/SJSU/SJSU-DEV2/firmware/library/L0_LowLevel/startup.o
                                         0x60 (size before relaxing)
 .ARM.exidx.text._Z28InitializeFreeRTOSSystemTickv
                0x00000000000034ec        0x8 build/compiled//home/chue/SJSU/SJSU-DEV2/firmware/library/L0_LowLevel/startup.o
 .ARM.exidx.text._Z19SetupTimerInterruptv
                0x00000000000034f4        0x8 build/compiled//home/chue/SJSU/SJSU-DEV2/firmware/library/L0_LowLevel/startup.o
 .ARM.exidx.text._Z12LowLevelInitv
                0x00000000000034fc        0x8 build/compiled//home/chue/SJSU/SJSU-DEV2/firmware/library/L0_LowLevel/startup.o
 .ARM.exidx.text.SystemInit
                0x0000000000003504        0x0 build/compiled//home/chue/SJSU/SJSU-DEV2/firmware/library/L0_LowLevel/startup.o
                                          0x8 (size before relaxing)
 .ARM.exidx.text.ResetIsr
                0x0000000000003504        0x8 build/compiled//home/chue/SJSU/SJSU-DEV2/firmware/library/L0_LowLevel/startup.o
 .ARM.exidx.text.GetRegistersFromStack
                0x000000000000350c        0x8 build/compiled//home/chue/SJSU/SJSU-DEV2/firmware/library/L0_LowLevel/startup.o
 .ARM.exidx.text.IntDefaultHandler
                0x0000000000003514        0x8 build/compiled//home/chue/SJSU/SJSU-DEV2/firmware/library/L0_LowLevel/startup.o
 .ARM.exidx.text._ZN5uart04InitEm
                0x000000000000351c        0x8 build/compiled//home/chue/SJSU/SJSU-DEV2/firmware/library/L0_LowLevel/uart0.o
 .ARM.exidx.text._ZN5uart07GetCharEc
                0x0000000000003524        0x8 build/compiled//home/chue/SJSU/SJSU-DEV2/firmware/library/L0_LowLevel/uart0.o
 .ARM.exidx.text._ZN5uart07PutCharEc
                0x000000000000352c        0x8 build/compiled//home/chue/SJSU/SJSU-DEV2/firmware/library/L0_LowLevel/uart0.o
 .ARM.exidx.text._ZN5uart04PutsEPKc
                0x0000000000003534        0x8 build/compiled//home/chue/SJSU/SJSU-DEV2/firmware/library/L0_LowLevel/uart0.o
 .ARM.exidx.text._Unwind_GetGR
                0x000000000000353c        0x8 build/compiled//home/chue/SJSU/SJSU-DEV2/firmware/library/L2_Utilities/backtrace.o
 .ARM.exidx.text._Z5TraceP15_Unwind_ContextPv
                0x0000000000003544        0x8 build/compiled//home/chue/SJSU/SJSU-DEV2/firmware/library/L2_Utilities/backtrace.o
 .ARM.exidx.text._Z10PrintTracev
                0x000000000000354c        0x8 build/compiled//home/chue/SJSU/SJSU-DEV2/firmware/library/L2_Utilities/backtrace.o
 .ARM.exidx.text._isatty
                0x0000000000003554        0x8 build/compiled//home/chue/SJSU/SJSU-DEV2/firmware/library/newlib/newlib.o
 .ARM.exidx.text._exit
                0x000000000000355c        0x8 build/compiled//home/chue/SJSU/SJSU-DEV2/firmware/library/newlib/newlib.o
 .ARM.exidx.text._getpid
                0x0000000000003564        0x8 build/compiled//home/chue/SJSU/SJSU-DEV2/firmware/library/newlib/newlib.o
 .ARM.exidx.text._kill
                0x000000000000356c        0x8 build/compiled//home/chue/SJSU/SJSU-DEV2/firmware/library/newlib/newlib.o
 .ARM.exidx.text._fstat
                0x0000000000003574        0x8 build/compiled//home/chue/SJSU/SJSU-DEV2/firmware/library/newlib/newlib.o
 .ARM.exidx.text._sbrk
                0x000000000000357c        0x8 build/compiled//home/chue/SJSU/SJSU-DEV2/firmware/library/newlib/newlib.o
 .ARM.exidx.text._close
                0x0000000000003584        0x8 build/compiled//home/chue/SJSU/SJSU-DEV2/firmware/library/newlib/newlib.o
 .ARM.exidx.text._write
                0x000000000000358c        0x8 build/compiled//home/chue/SJSU/SJSU-DEV2/firmware/library/newlib/newlib.o
 .ARM.exidx.text._lseek
                0x0000000000003594        0x8 build/compiled//home/chue/SJSU/SJSU-DEV2/firmware/library/newlib/newlib.o
 .ARM.exidx.text._read
                0x000000000000359c        0x8 build/compiled//home/chue/SJSU/SJSU-DEV2/firmware/library/newlib/newlib.o
 .ARM.exidx.text.printf
                0x00000000000035a4        0x8 build/compiled//home/chue/SJSU/SJSU-DEV2/firmware/library/newlib/printf.o
 .ARM.exidx.text.vListInsertEnd
                0x00000000000035ac        0x8 build/compiled//home/chue/SJSU/SJSU-DEV2/firmware/library/third_party/FreeRTOS/Source/list.o
 .ARM.exidx.text.uxListRemove
                0x00000000000035b4        0x8 build/compiled//home/chue/SJSU/SJSU-DEV2/firmware/library/third_party/FreeRTOS/Source/list.o
 .ARM.exidx.text.vPortSVCHandler
                0x00000000000035bc        0x8 build/compiled//home/chue/SJSU/SJSU-DEV2/firmware/library/third_party/FreeRTOS/Source/portable/GCC/ARM_CM4F/port.o
 .ARM.exidx.text.xPortPendSVHandler
                0x00000000000035c4        0x0 build/compiled//home/chue/SJSU/SJSU-DEV2/firmware/library/third_party/FreeRTOS/Source/portable/GCC/ARM_CM4F/port.o
                                          0x8 (size before relaxing)
 .ARM.exidx.text.xPortSysTickHandler
                0x00000000000035c4        0x8 build/compiled//home/chue/SJSU/SJSU-DEV2/firmware/library/third_party/FreeRTOS/Source/portable/GCC/ARM_CM4F/port.o
 .ARM.exidx.text.xTaskIncrementTick
                0x00000000000035cc        0x8 build/compiled//home/chue/SJSU/SJSU-DEV2/firmware/library/third_party/FreeRTOS/Source/tasks.o
 .ARM.exidx.text.vTaskSwitchContext
                0x00000000000035d4        0x8 build/compiled//home/chue/SJSU/SJSU-DEV2/firmware/library/third_party/FreeRTOS/Source/tasks.o
 .ARM.exidx.text.prvResetNextTaskUnblockTime
                0x00000000000035dc        0x8 build/compiled//home/chue/SJSU/SJSU-DEV2/firmware/library/third_party/FreeRTOS/Source/tasks.o
 .ARM.exidx.text.xTaskGetSchedulerState
                0x00000000000035e4        0x8 build/compiled//home/chue/SJSU/SJSU-DEV2/firmware/library/third_party/FreeRTOS/Source/tasks.o
 .ARM.exidx     0x00000000000035ec       0x80 /home/chue/SJSU/SJSU-DEV2/tools/gcc-arm-none-eabi-7-2017-q4-major/bin/../lib/gcc/arm-none-eabi/7.2.1/thumb/v7e-m/fpv4-sp/hard/libgcc.a(unwind-arm.o)
                                         0xd8 (size before relaxing)
 .ARM.exidx     0x000000000000366c       0x38 /home/chue/SJSU/SJSU-DEV2/tools/gcc-arm-none-eabi-7-2017-q4-major/bin/../lib/gcc/arm-none-eabi/7.2.1/thumb/v7e-m/fpv4-sp/hard/libgcc.a(pr-support.o)
                                         0x48 (size before relaxing)
                0x00000000000036a4                __exidx_end = .
                0x00000000000036a4                _etext = .

.rel.dyn        0x00000000000036a4        0x0
 .rel.iplt      0x00000000000036a4        0x0 /home/chue/SJSU/SJSU-DEV2/tools/gcc-arm-none-eabi-7-2017-q4-major/bin/../lib/gcc/arm-none-eabi/7.2.1/thumb/v7e-m/fpv4-sp/hard/crtbegin.o

.data_RAM2      0x0000000020000000        0x0 load address 0x00000000000036a4
 FILL mask 0xff
                [!provide]                        PROVIDE (__start_data_RAM2, .)
 *(.ramfunc.$RAM2)
 *(.ramfunc.$RamPeriph32)
 *(.data.$RAM2*)
 *(.data.$RamPeriph32*)
                0x0000000020000000                . = ALIGN (0x4)
                [!provide]                        PROVIDE (__end_data_RAM2, .)

.uninit_RESERVED
                0x0000000010000000        0x0
 *(.bss.$RESERVED*)
                0x0000000010000000                . = ALIGN (0x4)
                0x0000000010000000                _end_uninit_RESERVED = .

.data           0x0000000010000000      0x118 load address 0x00000000000036a4
 FILL mask 0xff
                0x0000000010000000                _data = .
 *(vtable)
 *(.ramfunc*)
 *(.data*)
 .data.dynamic_isr_vector_table
                0x0000000010000000       0xa4 build/compiled//home/chue/SJSU/SJSU-DEV2/firmware/library/L0_LowLevel/startup.o
                0x0000000010000000                dynamic_isr_vector_table
 .data.system_timer
                0x00000000100000a4        0x4 build/compiled//home/chue/SJSU/SJSU-DEV2/firmware/library/L0_LowLevel/startup.o
                0x00000000100000a4                system_timer
 .data._ZN11SystemTimer8sys_tickE
                0x00000000100000a8        0x4 build/compiled//home/chue/SJSU/SJSU-DEV2/firmware/library/L1_Drivers/system_timer.o
                0x00000000100000a8                SystemTimer::sys_tick
 .data.log_function
                0x00000000100000ac        0x4 build/compiled//home/chue/SJSU/SJSU-DEV2/firmware/library/L2_Utilities/backtrace.o
                0x00000000100000ac                log_function
 .data._ZZ5_sbrkE8heap_end
                0x00000000100000b0        0x4 build/compiled//home/chue/SJSU/SJSU-DEV2/firmware/library/newlib/newlib.o
 .data._impure_ptr
                0x00000000100000b4        0x4 /home/chue/SJSU/SJSU-DEV2/tools/gcc-arm-none-eabi-7-2017-q4-major/bin/../lib/gcc/arm-none-eabi/7.2.1/../../../../arm-none-eabi/lib/thumb/v7e-m/fpv4-sp/hard/libg_nano.a(lib_a-impure.o)
                0x00000000100000b4                _impure_ptr
 .data.impure_data
                0x00000000100000b8       0x60 /home/chue/SJSU/SJSU-DEV2/tools/gcc-arm-none-eabi-7-2017-q4-major/bin/../lib/gcc/arm-none-eabi/7.2.1/../../../../arm-none-eabi/lib/thumb/v7e-m/fpv4-sp/hard/libg_nano.a(lib_a-impure.o)
                0x0000000010000118                . = ALIGN (0x4)
                0x0000000010000118                _edata = .

.igot.plt       0x0000000010000118        0x0 load address 0x00000000000037bc
 .igot.plt      0x0000000010000118        0x0 /home/chue/SJSU/SJSU-DEV2/tools/gcc-arm-none-eabi-7-2017-q4-major/bin/../lib/gcc/arm-none-eabi/7.2.1/thumb/v7e-m/fpv4-sp/hard/crtbegin.o

.bss_RAM2       0x0000000020000000        0x0
                [!provide]                        PROVIDE (__start_bss_RAM2, .)
 *(.bss.$RAM2*)
 *(.bss.$RamPeriph32*)
                0x0000000020000000                . = ALIGN ((. != 0x0)?0x4:0x1)
                [!provide]                        PROVIDE (__end_bss_RAM2, .)

.bss            0x0000000010000118       0xc8
                0x0000000010000118                _bss = .
 *(.bss*)
 .bss           0x0000000010000118       0x1c /home/chue/SJSU/SJSU-DEV2/tools/gcc-arm-none-eabi-7-2017-q4-major/bin/../lib/gcc/arm-none-eabi/7.2.1/thumb/v7e-m/fpv4-sp/hard/crtbegin.o
 *fill*         0x0000000010000134        0x4 
 .bss.milliseconds
                0x0000000010000138        0x8 build/compiled//home/chue/SJSU/SJSU-DEV2/firmware/library/L0_LowLevel/delay.o
                0x0000000010000138                milliseconds
 .bss._ZN11SystemTimer16system_timer_isrE
                0x0000000010000140        0x4 build/compiled//home/chue/SJSU/SJSU-DEV2/firmware/library/L1_Drivers/system_timer.o
                0x0000000010000140                SystemTimer::system_timer_isr
 .bss.pxCurrentTCB
                0x0000000010000144        0x4 build/compiled//home/chue/SJSU/SJSU-DEV2/firmware/library/third_party/FreeRTOS/Source/tasks.o
                0x0000000010000144                pxCurrentTCB
 .bss.pxReadyTasksLists
                0x0000000010000148       0x64 build/compiled//home/chue/SJSU/SJSU-DEV2/firmware/library/third_party/FreeRTOS/Source/tasks.o
 .bss.pxDelayedTaskList
                0x00000000100001ac        0x4 build/compiled//home/chue/SJSU/SJSU-DEV2/firmware/library/third_party/FreeRTOS/Source/tasks.o
 .bss.pxOverflowDelayedTaskList
                0x00000000100001b0        0x4 build/compiled//home/chue/SJSU/SJSU-DEV2/firmware/library/third_party/FreeRTOS/Source/tasks.o
 .bss.xTickCount
                0x00000000100001b4        0x4 build/compiled//home/chue/SJSU/SJSU-DEV2/firmware/library/third_party/FreeRTOS/Source/tasks.o
 .bss.uxTopReadyPriority
                0x00000000100001b8        0x4 build/compiled//home/chue/SJSU/SJSU-DEV2/firmware/library/third_party/FreeRTOS/Source/tasks.o
 .bss.xSchedulerRunning
                0x00000000100001bc        0x4 build/compiled//home/chue/SJSU/SJSU-DEV2/firmware/library/third_party/FreeRTOS/Source/tasks.o
 .bss.uxPendedTicks
                0x00000000100001c0        0x4 build/compiled//home/chue/SJSU/SJSU-DEV2/firmware/library/third_party/FreeRTOS/Source/tasks.o
 .bss.xYieldPending
                0x00000000100001c4        0x4 build/compiled//home/chue/SJSU/SJSU-DEV2/firmware/library/third_party/FreeRTOS/Source/tasks.o
 .bss.xNumOfOverflows
                0x00000000100001c8        0x4 build/compiled//home/chue/SJSU/SJSU-DEV2/firmware/library/third_party/FreeRTOS/Source/tasks.o
 .bss.xNextTaskUnblockTime
                0x00000000100001cc        0x4 build/compiled//home/chue/SJSU/SJSU-DEV2/firmware/library/third_party/FreeRTOS/Source/tasks.o
 .bss.uxSchedulerSuspended
                0x00000000100001d0        0x4 build/compiled//home/chue/SJSU/SJSU-DEV2/firmware/library/third_party/FreeRTOS/Source/tasks.o
 .bss.__malloc_free_list
                0x00000000100001d4        0x4 /home/chue/SJSU/SJSU-DEV2/tools/gcc-arm-none-eabi-7-2017-q4-major/bin/../lib/gcc/arm-none-eabi/7.2.1/../../../../arm-none-eabi/lib/thumb/v7e-m/fpv4-sp/hard/libg_nano.a(lib_a-nano-mallocr.o)
                0x00000000100001d4                __malloc_free_list
 .bss.__malloc_sbrk_start
                0x00000000100001d8        0x4 /home/chue/SJSU/SJSU-DEV2/tools/gcc-arm-none-eabi-7-2017-q4-major/bin/../lib/gcc/arm-none-eabi/7.2.1/../../../../arm-none-eabi/lib/thumb/v7e-m/fpv4-sp/hard/libg_nano.a(lib_a-nano-mallocr.o)
                0x00000000100001d8                __malloc_sbrk_start
 *(COMMON)
 COMMON         0x00000000100001dc        0x4 /home/chue/SJSU/SJSU-DEV2/tools/gcc-arm-none-eabi-7-2017-q4-major/bin/../lib/gcc/arm-none-eabi/7.2.1/../../../../arm-none-eabi/lib/thumb/v7e-m/fpv4-sp/hard/libg_nano.a(lib_a-reent.o)
                0x00000000100001dc                errno
                0x00000000100001e0                . = ALIGN (0x4)
                0x00000000100001e0                _ebss = .
                [!provide]                        PROVIDE (end, .)

.noinit_RAM2    0x0000000020000000        0x0
 *(.noinit.$RAM2*)
 *(.noinit.$RamPeriph32*)
                0x0000000020000000                . = ALIGN (0x4)

.noinit         0x00000000100001e0        0x0
                0x00000000100001e0                _noinit = .
 *(.noinit*)
                0x00000000100001e0                . = ALIGN (0x4)
                0x00000000100001e0                _end_noinit = .
                0x00000000100001e0                PROVIDE (heap, DEFINED (__user_heap_base)?__user_heap_base:.)
                0x0000000010010000                PROVIDE (StackTop, DEFINED (__user_stack_top)?__user_stack_top:(__top_RamLoc64 - 0x0))
                0xffffffffeffeefe0                PROVIDE (ValidUserCodeChecksum, (0x0 - ((((((StackTop + (ResetIsr + 0x1)) + (NmiHandler + 0x1)) + (HardFaultHandler + 0x1)) + (DEFINED (MemManageHandler)?MemManageHandler:0x0 + 0x1)) + (DEFINED (BusFaultHandler)?BusFaultHandler:0x0 + 0x1)) + (DEFINED (UsageFaultHandler)?UsageFaultHandler:0x0 + 0x1))))
OUTPUT(build/binaries/firmware.elf elf32-littlearm)

.ARM.attributes
                0x0000000000000000       0x30
 .ARM.attributes
                0x0000000000000000       0x22 /home/chue/SJSU/SJSU-DEV2/tools/gcc-arm-none-eabi-7-2017-q4-major/bin/../lib/gcc/arm-none-eabi/7.2.1/thumb/v7e-m/fpv4-sp/hard/crti.o
 .ARM.attributes
                0x0000000000000022       0x34 /home/chue/SJSU/SJSU-DEV2/tools/gcc-arm-none-eabi-7-2017-q4-major/bin/../lib/gcc/arm-none-eabi/7.2.1/thumb/v7e-m/fpv4-sp/hard/crtbegin.o
 .ARM.attributes
                0x0000000000000056       0x39 build/compiled//home/chue/SJSU/SJSU-DEV2/firmware/library/L0_LowLevel/delay.o
 .ARM.attributes
                0x000000000000008f       0x39 build/compiled//home/chue/SJSU/SJSU-DEV2/firmware/library/L0_LowLevel/startup.o
 .ARM.attributes
                0x00000000000000c8       0x39 build/compiled//home/chue/SJSU/SJSU-DEV2/firmware/library/L0_LowLevel/uart0.o
 .ARM.attributes
                0x0000000000000101       0x39 build/compiled//home/chue/SJSU/SJSU-DEV2/firmware/library/L1_Drivers/system_timer.o
 .ARM.attributes
                0x000000000000013a       0x39 build/compiled//home/chue/SJSU/SJSU-DEV2/firmware/library/L2_Utilities/backtrace.o
 .ARM.attributes
                0x0000000000000173       0x39 build/compiled//home/chue/SJSU/SJSU-DEV2/firmware/library/newlib/newlib.o
 .ARM.attributes
                0x00000000000001ac       0x39 build/compiled//home/chue/SJSU/SJSU-DEV2/firmware/library/newlib/printf.o
 .ARM.attributes
                0x00000000000001e5       0x39 build/compiled//home/chue/SJSU/SJSU-DEV2/firmware/library/third_party/FreeRTOS/Source/list.o
 .ARM.attributes
                0x000000000000021e       0x39 build/compiled//home/chue/SJSU/SJSU-DEV2/firmware/library/third_party/FreeRTOS/Source/portable/GCC/ARM_CM4F/port.o
 .ARM.attributes
                0x0000000000000257       0x39 build/compiled//home/chue/SJSU/SJSU-DEV2/firmware/library/third_party/FreeRTOS/Source/tasks.o
 .ARM.attributes
                0x0000000000000290       0x34 /home/chue/SJSU/SJSU-DEV2/tools/gcc-arm-none-eabi-7-2017-q4-major/bin/../lib/gcc/arm-none-eabi/7.2.1/thumb/v7e-m/fpv4-sp/hard/libgcc.a(unwind-arm.o)
 .ARM.attributes
                0x00000000000002c4       0x22 /home/chue/SJSU/SJSU-DEV2/tools/gcc-arm-none-eabi-7-2017-q4-major/bin/../lib/gcc/arm-none-eabi/7.2.1/thumb/v7e-m/fpv4-sp/hard/libgcc.a(libunwind.o)
 .ARM.attributes
                0x00000000000002e6       0x34 /home/chue/SJSU/SJSU-DEV2/tools/gcc-arm-none-eabi-7-2017-q4-major/bin/../lib/gcc/arm-none-eabi/7.2.1/thumb/v7e-m/fpv4-sp/hard/libgcc.a(pr-support.o)
 .ARM.attributes
                0x000000000000031a       0x34 /home/chue/SJSU/SJSU-DEV2/tools/gcc-arm-none-eabi-7-2017-q4-major/bin/../lib/gcc/arm-none-eabi/7.2.1/../../../../arm-none-eabi/lib/thumb/v7e-m/fpv4-sp/hard/libg_nano.a(lib_a-abort.o)
 .ARM.attributes
                0x000000000000034e       0x34 /home/chue/SJSU/SJSU-DEV2/tools/gcc-arm-none-eabi-7-2017-q4-major/bin/../lib/gcc/arm-none-eabi/7.2.1/../../../../arm-none-eabi/lib/thumb/v7e-m/fpv4-sp/hard/libg_nano.a(lib_a-impure.o)
 .ARM.attributes
                0x0000000000000382       0x34 /home/chue/SJSU/SJSU-DEV2/tools/gcc-arm-none-eabi-7-2017-q4-major/bin/../lib/gcc/arm-none-eabi/7.2.1/../../../../arm-none-eabi/lib/thumb/v7e-m/fpv4-sp/hard/libg_nano.a(lib_a-init.o)
 .ARM.attributes
                0x00000000000003b6       0x34 /home/chue/SJSU/SJSU-DEV2/tools/gcc-arm-none-eabi-7-2017-q4-major/bin/../lib/gcc/arm-none-eabi/7.2.1/../../../../arm-none-eabi/lib/thumb/v7e-m/fpv4-sp/hard/libg_nano.a(lib_a-memcpy-stub.o)
 .ARM.attributes
                0x00000000000003ea       0x34 /home/chue/SJSU/SJSU-DEV2/tools/gcc-arm-none-eabi-7-2017-q4-major/bin/../lib/gcc/arm-none-eabi/7.2.1/../../../../arm-none-eabi/lib/thumb/v7e-m/fpv4-sp/hard/libg_nano.a(lib_a-memset.o)
 .ARM.attributes
                0x000000000000041e       0x34 /home/chue/SJSU/SJSU-DEV2/tools/gcc-arm-none-eabi-7-2017-q4-major/bin/../lib/gcc/arm-none-eabi/7.2.1/../../../../arm-none-eabi/lib/thumb/v7e-m/fpv4-sp/hard/libg_nano.a(lib_a-nano-freer.o)
 .ARM.attributes
                0x0000000000000452       0x34 /home/chue/SJSU/SJSU-DEV2/tools/gcc-arm-none-eabi-7-2017-q4-major/bin/../lib/gcc/arm-none-eabi/7.2.1/../../../../arm-none-eabi/lib/thumb/v7e-m/fpv4-sp/hard/libg_nano.a(lib_a-nano-mallocr.o)
 .ARM.attributes
                0x0000000000000486       0x34 /home/chue/SJSU/SJSU-DEV2/tools/gcc-arm-none-eabi-7-2017-q4-major/bin/../lib/gcc/arm-none-eabi/7.2.1/../../../../arm-none-eabi/lib/thumb/v7e-m/fpv4-sp/hard/libg_nano.a(lib_a-puts.o)
 .ARM.attributes
                0x00000000000004ba       0x34 /home/chue/SJSU/SJSU-DEV2/tools/gcc-arm-none-eabi-7-2017-q4-major/bin/../lib/gcc/arm-none-eabi/7.2.1/../../../../arm-none-eabi/lib/thumb/v7e-m/fpv4-sp/hard/libg_nano.a(lib_a-sbrkr.o)
 .ARM.attributes
                0x00000000000004ee       0x34 /home/chue/SJSU/SJSU-DEV2/tools/gcc-arm-none-eabi-7-2017-q4-major/bin/../lib/gcc/arm-none-eabi/7.2.1/../../../../arm-none-eabi/lib/thumb/v7e-m/fpv4-sp/hard/libg_nano.a(lib_a-signal.o)
 .ARM.attributes
                0x0000000000000522       0x34 /home/chue/SJSU/SJSU-DEV2/tools/gcc-arm-none-eabi-7-2017-q4-major/bin/../lib/gcc/arm-none-eabi/7.2.1/../../../../arm-none-eabi/lib/thumb/v7e-m/fpv4-sp/hard/libg_nano.a(lib_a-signalr.o)
 .ARM.attributes
                0x0000000000000556       0x34 /home/chue/SJSU/SJSU-DEV2/tools/gcc-arm-none-eabi-7-2017-q4-major/bin/../lib/gcc/arm-none-eabi/7.2.1/../../../../arm-none-eabi/lib/thumb/v7e-m/fpv4-sp/hard/libg_nano.a(lib_a-vsnprintf.o)
 .ARM.attributes
                0x000000000000058a       0x34 /home/chue/SJSU/SJSU-DEV2/tools/gcc-arm-none-eabi-7-2017-q4-major/bin/../lib/gcc/arm-none-eabi/7.2.1/../../../../arm-none-eabi/lib/thumb/v7e-m/fpv4-sp/hard/libg_nano.a(lib_a-wbuf.o)
 .ARM.attributes
                0x00000000000005be       0x34 /home/chue/SJSU/SJSU-DEV2/tools/gcc-arm-none-eabi-7-2017-q4-major/bin/../lib/gcc/arm-none-eabi/7.2.1/../../../../arm-none-eabi/lib/thumb/v7e-m/fpv4-sp/hard/libg_nano.a(lib_a-wsetup.o)
 .ARM.attributes
                0x00000000000005f2       0x34 /home/chue/SJSU/SJSU-DEV2/tools/gcc-arm-none-eabi-7-2017-q4-major/bin/../lib/gcc/arm-none-eabi/7.2.1/../../../../arm-none-eabi/lib/thumb/v7e-m/fpv4-sp/hard/libg_nano.a(lib_a-fflush.o)
 .ARM.attributes
                0x0000000000000626       0x34 /home/chue/SJSU/SJSU-DEV2/tools/gcc-arm-none-eabi-7-2017-q4-major/bin/../lib/gcc/arm-none-eabi/7.2.1/../../../../arm-none-eabi/lib/thumb/v7e-m/fpv4-sp/hard/libg_nano.a(lib_a-findfp.o)
 .ARM.attributes
                0x000000000000065a       0x34 /home/chue/SJSU/SJSU-DEV2/tools/gcc-arm-none-eabi-7-2017-q4-major/bin/../lib/gcc/arm-none-eabi/7.2.1/../../../../arm-none-eabi/lib/thumb/v7e-m/fpv4-sp/hard/libg_nano.a(lib_a-fwalk.o)
 .ARM.attributes
                0x000000000000068e       0x34 /home/chue/SJSU/SJSU-DEV2/tools/gcc-arm-none-eabi-7-2017-q4-major/bin/../lib/gcc/arm-none-eabi/7.2.1/../../../../arm-none-eabi/lib/thumb/v7e-m/fpv4-sp/hard/libg_nano.a(lib_a-makebuf.o)
 .ARM.attributes
                0x00000000000006c2       0x20 /home/chue/SJSU/SJSU-DEV2/tools/gcc-arm-none-eabi-7-2017-q4-major/bin/../lib/gcc/arm-none-eabi/7.2.1/../../../../arm-none-eabi/lib/thumb/v7e-m/fpv4-sp/hard/libg_nano.a(lib_a-memchr.o)
 .ARM.attributes
                0x00000000000006e2       0x34 /home/chue/SJSU/SJSU-DEV2/tools/gcc-arm-none-eabi-7-2017-q4-major/bin/../lib/gcc/arm-none-eabi/7.2.1/../../../../arm-none-eabi/lib/thumb/v7e-m/fpv4-sp/hard/libg_nano.a(lib_a-mlock.o)
 .ARM.attributes
                0x0000000000000716       0x34 /home/chue/SJSU/SJSU-DEV2/tools/gcc-arm-none-eabi-7-2017-q4-major/bin/../lib/gcc/arm-none-eabi/7.2.1/../../../../arm-none-eabi/lib/thumb/v7e-m/fpv4-sp/hard/libg_nano.a(lib_a-nano-reallocr.o)
 .ARM.attributes
                0x000000000000074a       0x34 /home/chue/SJSU/SJSU-DEV2/tools/gcc-arm-none-eabi-7-2017-q4-major/bin/../lib/gcc/arm-none-eabi/7.2.1/../../../../arm-none-eabi/lib/thumb/v7e-m/fpv4-sp/hard/libg_nano.a(lib_a-nano-svfprintf.o)
 .ARM.attributes
                0x000000000000077e       0x34 /home/chue/SJSU/SJSU-DEV2/tools/gcc-arm-none-eabi-7-2017-q4-major/bin/../lib/gcc/arm-none-eabi/7.2.1/../../../../arm-none-eabi/lib/thumb/v7e-m/fpv4-sp/hard/libg_nano.a(lib_a-nano-vfprintf_i.o)
 .ARM.attributes
                0x00000000000007b2       0x34 /home/chue/SJSU/SJSU-DEV2/tools/gcc-arm-none-eabi-7-2017-q4-major/bin/../lib/gcc/arm-none-eabi/7.2.1/../../../../arm-none-eabi/lib/thumb/v7e-m/fpv4-sp/hard/libg_nano.a(lib_a-reent.o)
 .ARM.attributes
                0x00000000000007e6       0x34 /home/chue/SJSU/SJSU-DEV2/tools/gcc-arm-none-eabi-7-2017-q4-major/bin/../lib/gcc/arm-none-eabi/7.2.1/../../../../arm-none-eabi/lib/thumb/v7e-m/fpv4-sp/hard/libg_nano.a(lib_a-stdio.o)
 .ARM.attributes
                0x000000000000081a       0x34 /home/chue/SJSU/SJSU-DEV2/tools/gcc-arm-none-eabi-7-2017-q4-major/bin/../lib/gcc/arm-none-eabi/7.2.1/../../../../arm-none-eabi/lib/thumb/v7e-m/fpv4-sp/hard/libg_nano.a(lib_a-writer.o)
 .ARM.attributes
                0x000000000000084e       0x34 /home/chue/SJSU/SJSU-DEV2/tools/gcc-arm-none-eabi-7-2017-q4-major/bin/../lib/gcc/arm-none-eabi/7.2.1/../../../../arm-none-eabi/lib/thumb/v7e-m/fpv4-sp/hard/libg_nano.a(lib_a-closer.o)
 .ARM.attributes
                0x0000000000000882       0x34 /home/chue/SJSU/SJSU-DEV2/tools/gcc-arm-none-eabi-7-2017-q4-major/bin/../lib/gcc/arm-none-eabi/7.2.1/../../../../arm-none-eabi/lib/thumb/v7e-m/fpv4-sp/hard/libg_nano.a(lib_a-fstatr.o)
 .ARM.attributes
                0x00000000000008b6       0x34 /home/chue/SJSU/SJSU-DEV2/tools/gcc-arm-none-eabi-7-2017-q4-major/bin/../lib/gcc/arm-none-eabi/7.2.1/../../../../arm-none-eabi/lib/thumb/v7e-m/fpv4-sp/hard/libg_nano.a(lib_a-isattyr.o)
 .ARM.attributes
                0x00000000000008ea       0x34 /home/chue/SJSU/SJSU-DEV2/tools/gcc-arm-none-eabi-7-2017-q4-major/bin/../lib/gcc/arm-none-eabi/7.2.1/../../../../arm-none-eabi/lib/thumb/v7e-m/fpv4-sp/hard/libg_nano.a(lib_a-lseekr.o)
 .ARM.attributes
                0x000000000000091e       0x34 /home/chue/SJSU/SJSU-DEV2/tools/gcc-arm-none-eabi-7-2017-q4-major/bin/../lib/gcc/arm-none-eabi/7.2.1/../../../../arm-none-eabi/lib/thumb/v7e-m/fpv4-sp/hard/libg_nano.a(lib_a-memmove.o)
 .ARM.attributes
                0x0000000000000952       0x34 /home/chue/SJSU/SJSU-DEV2/tools/gcc-arm-none-eabi-7-2017-q4-major/bin/../lib/gcc/arm-none-eabi/7.2.1/../../../../arm-none-eabi/lib/thumb/v7e-m/fpv4-sp/hard/libg_nano.a(lib_a-nano-msizer.o)
 .ARM.attributes
                0x0000000000000986       0x34 /home/chue/SJSU/SJSU-DEV2/tools/gcc-arm-none-eabi-7-2017-q4-major/bin/../lib/gcc/arm-none-eabi/7.2.1/../../../../arm-none-eabi/lib/thumb/v7e-m/fpv4-sp/hard/libg_nano.a(lib_a-readr.o)
 .ARM.attributes
                0x00000000000009ba       0x22 /home/chue/SJSU/SJSU-DEV2/tools/gcc-arm-none-eabi-7-2017-q4-major/bin/../lib/gcc/arm-none-eabi/7.2.1/thumb/v7e-m/fpv4-sp/hard/crtn.o

.comment        0x0000000000000000       0x7e
 .comment       0x0000000000000000       0x7e build/compiled//home/chue/SJSU/SJSU-DEV2/firmware/library/L0_LowLevel/delay.o
                                         0x7f (size before relaxing)
 .comment       0x000000000000007e       0x7f build/compiled//home/chue/SJSU/SJSU-DEV2/firmware/library/L0_LowLevel/startup.o
 .comment       0x000000000000007e       0x7f build/compiled//home/chue/SJSU/SJSU-DEV2/firmware/library/L0_LowLevel/uart0.o
 .comment       0x000000000000007e       0x7f build/compiled//home/chue/SJSU/SJSU-DEV2/firmware/library/L1_Drivers/system_timer.o
 .comment       0x000000000000007e       0x7f build/compiled//home/chue/SJSU/SJSU-DEV2/firmware/library/L2_Utilities/backtrace.o
 .comment       0x000000000000007e       0x7f build/compiled//home/chue/SJSU/SJSU-DEV2/firmware/library/newlib/newlib.o
 .comment       0x000000000000007e       0x7f build/compiled//home/chue/SJSU/SJSU-DEV2/firmware/library/newlib/printf.o
 .comment       0x000000000000007e       0x7f build/compiled//home/chue/SJSU/SJSU-DEV2/firmware/library/third_party/FreeRTOS/Source/list.o
 .comment       0x000000000000007e       0x7f build/compiled//home/chue/SJSU/SJSU-DEV2/firmware/library/third_party/FreeRTOS/Source/portable/GCC/ARM_CM4F/port.o
 .comment       0x000000000000007e       0x7f build/compiled//home/chue/SJSU/SJSU-DEV2/firmware/library/third_party/FreeRTOS/Source/tasks.o

.debug_info     0x0000000000000000     0xd654
 .debug_info    0x0000000000000000     0x1494 build/compiled//home/chue/SJSU/SJSU-DEV2/firmware/library/L0_LowLevel/delay.o
 .debug_info    0x0000000000001494     0x238a build/compiled//home/chue/SJSU/SJSU-DEV2/firmware/library/L0_LowLevel/startup.o
 .debug_info    0x000000000000381e     0x2335 build/compiled//home/chue/SJSU/SJSU-DEV2/firmware/library/L0_LowLevel/uart0.o
 .debug_info    0x0000000000005b53     0x17c7 build/compiled//home/chue/SJSU/SJSU-DEV2/firmware/library/L1_Drivers/system_timer.o
 .debug_info    0x000000000000731a      0xdd8 build/compiled//home/chue/SJSU/SJSU-DEV2/firmware/library/L2_Utilities/backtrace.o
 .debug_info    0x00000000000080f2     0x189b build/compiled//home/chue/SJSU/SJSU-DEV2/firmware/library/newlib/newlib.o
 .debug_info    0x000000000000998d      0xd1d build/compiled//home/chue/SJSU/SJSU-DEV2/firmware/library/newlib/printf.o
 .debug_info    0x000000000000a6aa      0xacb build/compiled//home/chue/SJSU/SJSU-DEV2/firmware/library/third_party/FreeRTOS/Source/list.o
 .debug_info    0x000000000000b175      0x2ea build/compiled//home/chue/SJSU/SJSU-DEV2/firmware/library/third_party/FreeRTOS/Source/portable/GCC/ARM_CM4F/port.o
 .debug_info    0x000000000000b45f     0x21f5 build/compiled//home/chue/SJSU/SJSU-DEV2/firmware/library/third_party/FreeRTOS/Source/tasks.o

.debug_abbrev   0x0000000000000000     0x1f77
 .debug_abbrev  0x0000000000000000      0x2e8 build/compiled//home/chue/SJSU/SJSU-DEV2/firmware/library/L0_LowLevel/delay.o
 .debug_abbrev  0x00000000000002e8      0x557 build/compiled//home/chue/SJSU/SJSU-DEV2/firmware/library/L0_LowLevel/startup.o
 .debug_abbrev  0x000000000000083f      0x38f build/compiled//home/chue/SJSU/SJSU-DEV2/firmware/library/L0_LowLevel/uart0.o
 .debug_abbrev  0x0000000000000bce      0x3b7 build/compiled//home/chue/SJSU/SJSU-DEV2/firmware/library/L1_Drivers/system_timer.o
 .debug_abbrev  0x0000000000000f85      0x2bf build/compiled//home/chue/SJSU/SJSU-DEV2/firmware/library/L2_Utilities/backtrace.o
 .debug_abbrev  0x0000000000001244      0x363 build/compiled//home/chue/SJSU/SJSU-DEV2/firmware/library/newlib/newlib.o
 .debug_abbrev  0x00000000000015a7      0x281 build/compiled//home/chue/SJSU/SJSU-DEV2/firmware/library/newlib/printf.o
 .debug_abbrev  0x0000000000001828      0x202 build/compiled//home/chue/SJSU/SJSU-DEV2/firmware/library/third_party/FreeRTOS/Source/list.o
 .debug_abbrev  0x0000000000001a2a      0x1c8 build/compiled//home/chue/SJSU/SJSU-DEV2/firmware/library/third_party/FreeRTOS/Source/portable/GCC/ARM_CM4F/port.o
 .debug_abbrev  0x0000000000001bf2      0x385 build/compiled//home/chue/SJSU/SJSU-DEV2/firmware/library/third_party/FreeRTOS/Source/tasks.o

.debug_aranges  0x0000000000000000      0x4b0
 .debug_aranges
                0x0000000000000000       0x28 build/compiled//home/chue/SJSU/SJSU-DEV2/firmware/library/L0_LowLevel/delay.o
 .debug_aranges
                0x0000000000000028       0xd0 build/compiled//home/chue/SJSU/SJSU-DEV2/firmware/library/L0_LowLevel/startup.o
 .debug_aranges
                0x00000000000000f8       0x38 build/compiled//home/chue/SJSU/SJSU-DEV2/firmware/library/L0_LowLevel/uart0.o
 .debug_aranges
                0x0000000000000130       0x18 build/compiled//home/chue/SJSU/SJSU-DEV2/firmware/library/L1_Drivers/system_timer.o
 .debug_aranges
                0x0000000000000148       0x30 build/compiled//home/chue/SJSU/SJSU-DEV2/firmware/library/L2_Utilities/backtrace.o
 .debug_aranges
                0x0000000000000178       0x68 build/compiled//home/chue/SJSU/SJSU-DEV2/firmware/library/newlib/newlib.o
 .debug_aranges
                0x00000000000001e0       0x20 build/compiled//home/chue/SJSU/SJSU-DEV2/firmware/library/newlib/printf.o
 .debug_aranges
                0x0000000000000200       0x40 build/compiled//home/chue/SJSU/SJSU-DEV2/firmware/library/third_party/FreeRTOS/Source/list.o
 .debug_aranges
                0x0000000000000240       0x78 build/compiled//home/chue/SJSU/SJSU-DEV2/firmware/library/third_party/FreeRTOS/Source/portable/GCC/ARM_CM4F/port.o
 .debug_aranges
                0x00000000000002b8      0x1f8 build/compiled//home/chue/SJSU/SJSU-DEV2/firmware/library/third_party/FreeRTOS/Source/tasks.o

.debug_ranges   0x0000000000000000      0x408
 .debug_ranges  0x0000000000000000       0x18 build/compiled//home/chue/SJSU/SJSU-DEV2/firmware/library/L0_LowLevel/delay.o
 .debug_ranges  0x0000000000000018       0xc0 build/compiled//home/chue/SJSU/SJSU-DEV2/firmware/library/L0_LowLevel/startup.o
 .debug_ranges  0x00000000000000d8       0x28 build/compiled//home/chue/SJSU/SJSU-DEV2/firmware/library/L0_LowLevel/uart0.o
 .debug_ranges  0x0000000000000100       0x20 build/compiled//home/chue/SJSU/SJSU-DEV2/firmware/library/L2_Utilities/backtrace.o
 .debug_ranges  0x0000000000000120       0x58 build/compiled//home/chue/SJSU/SJSU-DEV2/firmware/library/newlib/newlib.o
 .debug_ranges  0x0000000000000178       0x10 build/compiled//home/chue/SJSU/SJSU-DEV2/firmware/library/newlib/printf.o
 .debug_ranges  0x0000000000000188       0x30 build/compiled//home/chue/SJSU/SJSU-DEV2/firmware/library/third_party/FreeRTOS/Source/list.o
 .debug_ranges  0x00000000000001b8       0x68 build/compiled//home/chue/SJSU/SJSU-DEV2/firmware/library/third_party/FreeRTOS/Source/portable/GCC/ARM_CM4F/port.o
 .debug_ranges  0x0000000000000220      0x1e8 build/compiled//home/chue/SJSU/SJSU-DEV2/firmware/library/third_party/FreeRTOS/Source/tasks.o

.debug_line     0x0000000000000000     0x3583
 .debug_line    0x0000000000000000      0x491 build/compiled//home/chue/SJSU/SJSU-DEV2/firmware/library/L0_LowLevel/delay.o
 .debug_line    0x0000000000000491      0x72e build/compiled//home/chue/SJSU/SJSU-DEV2/firmware/library/L0_LowLevel/startup.o
 .debug_line    0x0000000000000bbf      0x4ee build/compiled//home/chue/SJSU/SJSU-DEV2/firmware/library/L0_LowLevel/uart0.o
 .debug_line    0x00000000000010ad      0x49c build/compiled//home/chue/SJSU/SJSU-DEV2/firmware/library/L1_Drivers/system_timer.o
 .debug_line    0x0000000000001549      0x323 build/compiled//home/chue/SJSU/SJSU-DEV2/firmware/library/L2_Utilities/backtrace.o
 .debug_line    0x000000000000186c      0x554 build/compiled//home/chue/SJSU/SJSU-DEV2/firmware/library/newlib/newlib.o
 .debug_line    0x0000000000001dc0      0x3e1 build/compiled//home/chue/SJSU/SJSU-DEV2/firmware/library/newlib/printf.o
 .debug_line    0x00000000000021a1      0x38b build/compiled//home/chue/SJSU/SJSU-DEV2/firmware/library/third_party/FreeRTOS/Source/list.o
 .debug_line    0x000000000000252c      0x31d build/compiled//home/chue/SJSU/SJSU-DEV2/firmware/library/third_party/FreeRTOS/Source/portable/GCC/ARM_CM4F/port.o
 .debug_line    0x0000000000002849      0xd3a build/compiled//home/chue/SJSU/SJSU-DEV2/firmware/library/third_party/FreeRTOS/Source/tasks.o

.debug_str      0x0000000000000000     0x2dcc
 .debug_str     0x0000000000000000      0x926 build/compiled//home/chue/SJSU/SJSU-DEV2/firmware/library/L0_LowLevel/delay.o
                                        0xb08 (size before relaxing)
 .debug_str     0x0000000000000926      0x8fe build/compiled//home/chue/SJSU/SJSU-DEV2/firmware/library/L0_LowLevel/startup.o
                                       0x140a (size before relaxing)
 .debug_str     0x0000000000001224      0x4f2 build/compiled//home/chue/SJSU/SJSU-DEV2/firmware/library/L0_LowLevel/uart0.o
                                       0x116e (size before relaxing)
 .debug_str     0x0000000000001716       0x86 build/compiled//home/chue/SJSU/SJSU-DEV2/firmware/library/L1_Drivers/system_timer.o
                                        0xe38 (size before relaxing)
 .debug_str     0x000000000000179c      0x224 build/compiled//home/chue/SJSU/SJSU-DEV2/firmware/library/L2_Utilities/backtrace.o
                                        0x92d (size before relaxing)
 .debug_str     0x00000000000019c0      0x1b3 build/compiled//home/chue/SJSU/SJSU-DEV2/firmware/library/newlib/newlib.o
                                        0xcb7 (size before relaxing)
 .debug_str     0x0000000000001b73       0x82 build/compiled//home/chue/SJSU/SJSU-DEV2/firmware/library/newlib/printf.o
                                        0x7a9 (size before relaxing)
 .debug_str     0x0000000000001bf5      0x2b2 build/compiled//home/chue/SJSU/SJSU-DEV2/firmware/library/third_party/FreeRTOS/Source/list.o
                                        0x75c (size before relaxing)
 .debug_str     0x0000000000001ea7      0x1df build/compiled//home/chue/SJSU/SJSU-DEV2/firmware/library/third_party/FreeRTOS/Source/portable/GCC/ARM_CM4F/port.o
                                        0x3ea (size before relaxing)
 .debug_str     0x0000000000002086      0xd46 build/compiled//home/chue/SJSU/SJSU-DEV2/firmware/library/third_party/FreeRTOS/Source/tasks.o
                                       0x14bb (size before relaxing)

.debug_frame    0x0000000000000000     0x1e00
 .debug_frame   0x0000000000000000       0x5c build/compiled//home/chue/SJSU/SJSU-DEV2/firmware/library/L0_LowLevel/delay.o
 .debug_frame   0x000000000000005c      0x2dc build/compiled//home/chue/SJSU/SJSU-DEV2/firmware/library/L0_LowLevel/startup.o
 .debug_frame   0x0000000000000338       0xac build/compiled//home/chue/SJSU/SJSU-DEV2/firmware/library/L0_LowLevel/uart0.o
 .debug_frame   0x00000000000003e4       0x80 build/compiled//home/chue/SJSU/SJSU-DEV2/firmware/library/L2_Utilities/backtrace.o
 .debug_frame   0x0000000000000464      0x184 build/compiled//home/chue/SJSU/SJSU-DEV2/firmware/library/newlib/newlib.o
 .debug_frame   0x00000000000005e8       0x4c build/compiled//home/chue/SJSU/SJSU-DEV2/firmware/library/newlib/printf.o
 .debug_frame   0x0000000000000634       0xd8 build/compiled//home/chue/SJSU/SJSU-DEV2/firmware/library/third_party/FreeRTOS/Source/list.o
 .debug_frame   0x000000000000070c      0x170 build/compiled//home/chue/SJSU/SJSU-DEV2/firmware/library/third_party/FreeRTOS/Source/portable/GCC/ARM_CM4F/port.o
 .debug_frame   0x000000000000087c      0x8a8 build/compiled//home/chue/SJSU/SJSU-DEV2/firmware/library/third_party/FreeRTOS/Source/tasks.o
 .debug_frame   0x0000000000001124      0x2f0 /home/chue/SJSU/SJSU-DEV2/tools/gcc-arm-none-eabi-7-2017-q4-major/bin/../lib/gcc/arm-none-eabi/7.2.1/thumb/v7e-m/fpv4-sp/hard/libgcc.a(unwind-arm.o)
 .debug_frame   0x0000000000001414      0x104 /home/chue/SJSU/SJSU-DEV2/tools/gcc-arm-none-eabi-7-2017-q4-major/bin/../lib/gcc/arm-none-eabi/7.2.1/thumb/v7e-m/fpv4-sp/hard/libgcc.a(pr-support.o)
 .debug_frame   0x0000000000001518       0x28 /home/chue/SJSU/SJSU-DEV2/tools/gcc-arm-none-eabi-7-2017-q4-major/bin/../lib/gcc/arm-none-eabi/7.2.1/../../../../arm-none-eabi/lib/thumb/v7e-m/fpv4-sp/hard/libg_nano.a(lib_a-abort.o)
 .debug_frame   0x0000000000001540       0x2c /home/chue/SJSU/SJSU-DEV2/tools/gcc-arm-none-eabi-7-2017-q4-major/bin/../lib/gcc/arm-none-eabi/7.2.1/../../../../arm-none-eabi/lib/thumb/v7e-m/fpv4-sp/hard/libg_nano.a(lib_a-init.o)
 .debug_frame   0x000000000000156c       0x28 /home/chue/SJSU/SJSU-DEV2/tools/gcc-arm-none-eabi-7-2017-q4-major/bin/../lib/gcc/arm-none-eabi/7.2.1/../../../../arm-none-eabi/lib/thumb/v7e-m/fpv4-sp/hard/libg_nano.a(lib_a-memcpy-stub.o)
 .debug_frame   0x0000000000001594       0x20 /home/chue/SJSU/SJSU-DEV2/tools/gcc-arm-none-eabi-7-2017-q4-major/bin/../lib/gcc/arm-none-eabi/7.2.1/../../../../arm-none-eabi/lib/thumb/v7e-m/fpv4-sp/hard/libg_nano.a(lib_a-memset.o)
 .debug_frame   0x00000000000015b4       0x38 /home/chue/SJSU/SJSU-DEV2/tools/gcc-arm-none-eabi-7-2017-q4-major/bin/../lib/gcc/arm-none-eabi/7.2.1/../../../../arm-none-eabi/lib/thumb/v7e-m/fpv4-sp/hard/libg_nano.a(lib_a-nano-freer.o)
 .debug_frame   0x00000000000015ec       0x2c /home/chue/SJSU/SJSU-DEV2/tools/gcc-arm-none-eabi-7-2017-q4-major/bin/../lib/gcc/arm-none-eabi/7.2.1/../../../../arm-none-eabi/lib/thumb/v7e-m/fpv4-sp/hard/libg_nano.a(lib_a-nano-mallocr.o)
 .debug_frame   0x0000000000001618       0x3c /home/chue/SJSU/SJSU-DEV2/tools/gcc-arm-none-eabi-7-2017-q4-major/bin/../lib/gcc/arm-none-eabi/7.2.1/../../../../arm-none-eabi/lib/thumb/v7e-m/fpv4-sp/hard/libg_nano.a(lib_a-puts.o)
 .debug_frame   0x0000000000001654       0x2c /home/chue/SJSU/SJSU-DEV2/tools/gcc-arm-none-eabi-7-2017-q4-major/bin/../lib/gcc/arm-none-eabi/7.2.1/../../../../arm-none-eabi/lib/thumb/v7e-m/fpv4-sp/hard/libg_nano.a(lib_a-sbrkr.o)
 .debug_frame   0x0000000000001680       0xcc /home/chue/SJSU/SJSU-DEV2/tools/gcc-arm-none-eabi-7-2017-q4-major/bin/../lib/gcc/arm-none-eabi/7.2.1/../../../../arm-none-eabi/lib/thumb/v7e-m/fpv4-sp/hard/libg_nano.a(lib_a-signal.o)
 .debug_frame   0x000000000000174c       0x3c /home/chue/SJSU/SJSU-DEV2/tools/gcc-arm-none-eabi-7-2017-q4-major/bin/../lib/gcc/arm-none-eabi/7.2.1/../../../../arm-none-eabi/lib/thumb/v7e-m/fpv4-sp/hard/libg_nano.a(lib_a-signalr.o)
 .debug_frame   0x0000000000001788       0x4c /home/chue/SJSU/SJSU-DEV2/tools/gcc-arm-none-eabi-7-2017-q4-major/bin/../lib/gcc/arm-none-eabi/7.2.1/../../../../arm-none-eabi/lib/thumb/v7e-m/fpv4-sp/hard/libg_nano.a(lib_a-vsnprintf.o)
 .debug_frame   0x00000000000017d4       0x40 /home/chue/SJSU/SJSU-DEV2/tools/gcc-arm-none-eabi-7-2017-q4-major/bin/../lib/gcc/arm-none-eabi/7.2.1/../../../../arm-none-eabi/lib/thumb/v7e-m/fpv4-sp/hard/libg_nano.a(lib_a-wbuf.o)
 .debug_frame   0x0000000000001814       0x2c /home/chue/SJSU/SJSU-DEV2/tools/gcc-arm-none-eabi-7-2017-q4-major/bin/../lib/gcc/arm-none-eabi/7.2.1/../../../../arm-none-eabi/lib/thumb/v7e-m/fpv4-sp/hard/libg_nano.a(lib_a-wsetup.o)
 .debug_frame   0x0000000000001840       0x68 /home/chue/SJSU/SJSU-DEV2/tools/gcc-arm-none-eabi-7-2017-q4-major/bin/../lib/gcc/arm-none-eabi/7.2.1/../../../../arm-none-eabi/lib/thumb/v7e-m/fpv4-sp/hard/libg_nano.a(lib_a-fflush.o)
 .debug_frame   0x00000000000018a8      0x11c /home/chue/SJSU/SJSU-DEV2/tools/gcc-arm-none-eabi-7-2017-q4-major/bin/../lib/gcc/arm-none-eabi/7.2.1/../../../../arm-none-eabi/lib/thumb/v7e-m/fpv4-sp/hard/libg_nano.a(lib_a-findfp.o)
 .debug_frame   0x00000000000019c4       0x54 /home/chue/SJSU/SJSU-DEV2/tools/gcc-arm-none-eabi-7-2017-q4-major/bin/../lib/gcc/arm-none-eabi/7.2.1/../../../../arm-none-eabi/lib/thumb/v7e-m/fpv4-sp/hard/libg_nano.a(lib_a-fwalk.o)
 .debug_frame   0x0000000000001a18       0x58 /home/chue/SJSU/SJSU-DEV2/tools/gcc-arm-none-eabi-7-2017-q4-major/bin/../lib/gcc/arm-none-eabi/7.2.1/../../../../arm-none-eabi/lib/thumb/v7e-m/fpv4-sp/hard/libg_nano.a(lib_a-makebuf.o)
 .debug_frame   0x0000000000001a70       0x30 /home/chue/SJSU/SJSU-DEV2/tools/gcc-arm-none-eabi-7-2017-q4-major/bin/../lib/gcc/arm-none-eabi/7.2.1/../../../../arm-none-eabi/lib/thumb/v7e-m/fpv4-sp/hard/libg_nano.a(lib_a-mlock.o)
 .debug_frame   0x0000000000001aa0       0x3c /home/chue/SJSU/SJSU-DEV2/tools/gcc-arm-none-eabi-7-2017-q4-major/bin/../lib/gcc/arm-none-eabi/7.2.1/../../../../arm-none-eabi/lib/thumb/v7e-m/fpv4-sp/hard/libg_nano.a(lib_a-nano-reallocr.o)
 .debug_frame   0x0000000000001adc       0x90 /home/chue/SJSU/SJSU-DEV2/tools/gcc-arm-none-eabi-7-2017-q4-major/bin/../lib/gcc/arm-none-eabi/7.2.1/../../../../arm-none-eabi/lib/thumb/v7e-m/fpv4-sp/hard/libg_nano.a(lib_a-nano-svfprintf.o)
 .debug_frame   0x0000000000001b6c       0x60 /home/chue/SJSU/SJSU-DEV2/tools/gcc-arm-none-eabi-7-2017-q4-major/bin/../lib/gcc/arm-none-eabi/7.2.1/../../../../arm-none-eabi/lib/thumb/v7e-m/fpv4-sp/hard/libg_nano.a(lib_a-nano-vfprintf_i.o)
 .debug_frame   0x0000000000001bcc       0x5c /home/chue/SJSU/SJSU-DEV2/tools/gcc-arm-none-eabi-7-2017-q4-major/bin/../lib/gcc/arm-none-eabi/7.2.1/../../../../arm-none-eabi/lib/thumb/v7e-m/fpv4-sp/hard/libg_nano.a(lib_a-reent.o)
 .debug_frame   0x0000000000001c28       0x88 /home/chue/SJSU/SJSU-DEV2/tools/gcc-arm-none-eabi-7-2017-q4-major/bin/../lib/gcc/arm-none-eabi/7.2.1/../../../../arm-none-eabi/lib/thumb/v7e-m/fpv4-sp/hard/libg_nano.a(lib_a-stdio.o)
 .debug_frame   0x0000000000001cb0       0x2c /home/chue/SJSU/SJSU-DEV2/tools/gcc-arm-none-eabi-7-2017-q4-major/bin/../lib/gcc/arm-none-eabi/7.2.1/../../../../arm-none-eabi/lib/thumb/v7e-m/fpv4-sp/hard/libg_nano.a(lib_a-writer.o)